16:31:15 **** Clean-only build of configuration Debug for project Test ****
make -j8 clean 
rm -rf ./lib/Servo/Servo.cyclo ./lib/Servo/Servo.d ./lib/Servo/Servo.o ./lib/Servo/Servo.su
rm -rf ./lib/LED/LED.cyclo ./lib/LED/LED.d ./lib/LED/LED.o ./lib/LED/LED.su
rm -rf ./lib/Helper/Helper.cyclo ./lib/Helper/Helper.d ./lib/Helper/Helper.o ./lib/Helper/Helper.su
rm -rf ./lib/HX711/HX711.cyclo ./lib/HX711/HX711.d ./lib/HX711/HX711.o ./lib/HX711/HX711.su
rm -rf ./lib/Debug/Debug.cyclo ./lib/Debug/Debug.d ./lib/Debug/Debug.o ./lib/Debug/Debug.su
rm -rf ./lib/CAN_UART/CanUart.cyclo ./lib/CAN_UART/CanUart.d ./lib/CAN_UART/CanUart.o ./lib/CAN_UART/CanUart.su ./lib/CAN_UART/CanUartPolling.cyclo ./lib/CAN_UART/CanUartPolling.d ./lib/CAN_UART/CanUartPolling.o ./lib/CAN_UART/CanUartPolling.su
rm -rf ./lib/CAN/can.cyclo ./lib/CAN/can.d ./lib/CAN/can.o ./lib/CAN/can.su
rm -rf ./Drivers/STM32F0xx_HAL_Driver/Src/stm32f0xx_hal.cyclo ./Drivers/STM32F0xx_HAL_Driver/Src/stm32f0xx_hal.d ./Drivers/STM32F0xx_HAL_Driver/Src/stm32f0xx_hal.o ./Drivers/STM32F0xx_HAL_Driver/Src/stm32f0xx_hal.su ./Drivers/STM32F0xx_HAL_Driver/Src/stm32f0xx_hal_cortex.cyclo ./Drivers/STM32F0xx_HAL_Driver/Src/stm32f0xx_hal_cortex.d ./Drivers/STM32F0xx_HAL_Driver/Src/stm32f0xx_hal_cortex.o ./Drivers/STM32F0xx_HAL_Driver/Src/stm32f0xx_hal_cortex.su ./Drivers/STM32F0xx_HAL_Driver/Src/stm32f0xx_hal_dma.cyclo ./Drivers/STM32F0xx_HAL_Driver/Src/stm32f0xx_hal_dma.d ./Drivers/STM32F0xx_HAL_Driver/Src/stm32f0xx_hal_dma.o ./Drivers/STM32F0xx_HAL_Driver/Src/stm32f0xx_hal_dma.su ./Drivers/STM32F0xx_HAL_Driver/Src/stm32f0xx_hal_exti.cyclo ./Drivers/STM32F0xx_HAL_Driver/Src/stm32f0xx_hal_exti.d ./Drivers/STM32F0xx_HAL_Driver/Src/stm32f0xx_hal_exti.o ./Drivers/STM32F0xx_HAL_Driver/Src/stm32f0xx_hal_exti.su ./Drivers/STM32F0xx_HAL_Driver/Src/stm32f0xx_hal_flash.cyclo ./Drivers/STM32F0xx_HAL_Driver/Src/stm32f0xx_hal_flash.d ./Drivers/STM32F0xx_HAL_Driver/Src/stm32f0xx_hal_flash.o ./Drivers/STM32F0xx_HAL_Driver/Src/stm32f0xx_hal_flash.su ./Drivers/STM32F0xx_HAL_Driver/Src/stm32f0xx_hal_flash_ex.cyclo ./Drivers/STM32F0xx_HAL_Driver/Src/stm32f0xx_hal_flash_ex.d ./Drivers/STM32F0xx_HAL_Driver/Src/stm32f0xx_hal_flash_ex.o ./Drivers/STM32F0xx_HAL_Driver/Src/stm32f0xx_hal_flash_ex.su ./Drivers/STM32F0xx_HAL_Driver/Src/stm32f0xx_hal_gpio.cyclo ./Drivers/STM32F0xx_HAL_Driver/Src/stm32f0xx_hal_gpio.d ./Drivers/STM32F0xx_HAL_Driver/Src/stm32f0xx_hal_gpio.o ./Drivers/STM32F0xx_HAL_Driver/Src/stm32f0xx_hal_gpio.su ./Drivers/STM32F0xx_HAL_Driver/Src/stm32f0xx_hal_i2c.cyclo ./Drivers/STM32F0xx_HAL_Driver/Src/stm32f0xx_hal_i2c.d ./Drivers/STM32F0xx_HAL_Driver/Src/stm32f0xx_hal_i2c.o ./Drivers/STM32F0xx_HAL_Driver/Src/stm32f0xx_hal_i2c.su ./Drivers/STM32F0xx_HAL_Driver/Src/stm32f0xx_hal_i2c_ex.cyclo ./Drivers/STM32F0xx_HAL_Driver/Src/stm32f0xx_hal_i2c_ex.d ./Drivers/STM32F0xx_HAL_Driver/Src/stm32f0xx_hal_i2c_ex.o ./Drivers/STM32F0xx_HAL_Driver/Src/stm32f0xx_hal_i2c_ex.su ./Drivers/STM32F0xx_HAL_Driver/Src/stm32f0xx_hal_pwr.cyclo ./Drivers/STM32F0xx_HAL_Driver/Src/stm32f0xx_hal_pwr.d ./Drivers/STM32F0xx_HAL_Driver/Src/stm32f0xx_hal_pwr.o ./Drivers/STM32F0xx_HAL_Driver/Src/stm32f0xx_hal_pwr.su ./Drivers/STM32F0xx_HAL_Driver/Src/stm32f0xx_hal_pwr_ex.cyclo ./Drivers/STM32F0xx_HAL_Driver/Src/stm32f0xx_hal_pwr_ex.d ./Drivers/STM32F0xx_HAL_Driver/Src/stm32f0xx_hal_pwr_ex.o ./Drivers/STM32F0xx_HAL_Driver/Src/stm32f0xx_hal_pwr_ex.su ./Drivers/STM32F0xx_HAL_Driver/Src/stm32f0xx_hal_rcc.cyclo ./Drivers/STM32F0xx_HAL_Driver/Src/stm32f0xx_hal_rcc.d ./Drivers/STM32F0xx_HAL_Driver/Src/stm32f0xx_hal_rcc.o ./Drivers/STM32F0xx_HAL_Driver/Src/stm32f0xx_hal_rcc.su ./Drivers/STM32F0xx_HAL_Driver/Src/stm32f0xx_hal_rcc_ex.cyclo ./Drivers/STM32F0xx_HAL_Driver/Src/stm32f0xx_hal_rcc_ex.d ./Drivers/STM32F0xx_HAL_Driver/Src/stm32f0xx_hal_rcc_ex.o ./Drivers/STM32F0xx_HAL_Driver/Src/stm32f0xx_hal_rcc_ex.su ./Drivers/STM32F0xx_HAL_Driver/Src/stm32f0xx_hal_tim.cyclo ./Drivers/STM32F0xx_HAL_Driver/Src/stm32f0xx_hal_tim.d ./Drivers/STM32F0xx_HAL_Driver/Src/stm32f0xx_hal_tim.o ./Drivers/STM32F0xx_HAL_Driver/Src/stm32f0xx_hal_tim.su ./Drivers/STM32F0xx_HAL_Driver/Src/stm32f0xx_hal_tim_ex.cyclo ./Drivers/STM32F0xx_HAL_Driver/Src/stm32f0xx_hal_tim_ex.d ./Drivers/STM32F0xx_HAL_Driver/Src/stm32f0xx_hal_tim_ex.o ./Drivers/STM32F0xx_HAL_Driver/Src/stm32f0xx_hal_tim_ex.su ./Drivers/STM32F0xx_HAL_Driver/Src/stm32f0xx_hal_uart.cyclo ./Drivers/STM32F0xx_HAL_Driver/Src/stm32f0xx_hal_uart.d ./Drivers/STM32F0xx_HAL_Driver/Src/stm32f0xx_hal_uart.o ./Drivers/STM32F0xx_HAL_Driver/Src/stm32f0xx_hal_uart.su ./Drivers/STM32F0xx_HAL_Driver/Src/stm32f0xx_hal_uart_ex.cyclo ./Drivers/STM32F0xx_HAL_Driver/Src/stm32f0xx_hal_uart_ex.d ./Drivers/STM32F0xx_HAL_Driver/Src/stm32f0xx_hal_uart_ex.o ./Drivers/STM32F0xx_HAL_Driver/Src/stm32f0xx_hal_uart_ex.su
rm -rf ./Core/Startup/startup_stm32f030c8tx.d ./Core/Startup/startup_stm32f030c8tx.o
rm -rf ./Core/Src/main.cyclo ./Core/Src/main.d ./Core/Src/main.o ./Core/Src/main.su ./Core/Src/prj_disp.cyclo ./Core/Src/prj_disp.d ./Core/Src/prj_disp.o ./Core/Src/prj_disp.su ./Core/Src/stm32f0xx_hal_msp.cyclo ./Core/Src/stm32f0xx_hal_msp.d ./Core/Src/stm32f0xx_hal_msp.o ./Core/Src/stm32f0xx_hal_msp.su ./Core/Src/stm32f0xx_it.cyclo ./Core/Src/stm32f0xx_it.d ./Core/Src/stm32f0xx_it.o ./Core/Src/stm32f0xx_it.su ./Core/Src/syscalls.cyclo ./Core/Src/syscalls.d ./Core/Src/syscalls.o ./Core/Src/syscalls.su ./Core/Src/sysmem.cyclo ./Core/Src/sysmem.d ./Core/Src/sysmem.o ./Core/Src/sysmem.su ./Core/Src/system_stm32f0xx.cyclo ./Core/Src/system_stm32f0xx.d ./Core/Src/system_stm32f0xx.o ./Core/Src/system_stm32f0xx.su
rm -rf Test.elf Test.list Test.map default.size.stdout
 
16:31:17 **** Build of configuration Debug for project Test ****
make -j8 all 
arm-none-eabi-g++ "../lib/Servo/Servo.cpp" -mcpu=cortex-m0 -std=gnu++14 -g3 -DDEBUG -DUSE_HAL_DRIVER -DSTM32F030x8 -c -I../Core/Inc -I"C:/Users/Dr. S Chakraborty/OneDrive/Desktop/STM32_Dispenser/Test/lib" -I../Drivers/STM32F0xx_HAL_Driver/Inc -I../Drivers/STM32F0xx_HAL_Driver/Inc/Legacy -I../Drivers/CMSIS/Device/ST/STM32F0xx/Include -I../Drivers/CMSIS/Include -O0 -ffunction-sections -fdata-sections -fno-exceptions -fno-rtti -fno-use-cxa-atexit -Wall -fstack-usage -fcyclomatic-complexity -MMD -MP -MF"lib/Servo/Servo.d" -MT"lib/Servo/Servo.o" --specs=nano.specs -mfloat-abi=soft -mthumb -o "lib/Servo/Servo.o"
arm-none-eabi-g++ "../lib/LED/LED.cpp" -mcpu=cortex-m0 -std=gnu++14 -g3 -DDEBUG -DUSE_HAL_DRIVER -DSTM32F030x8 -c -I../Core/Inc -I"C:/Users/Dr. S Chakraborty/OneDrive/Desktop/STM32_Dispenser/Test/lib" -I../Drivers/STM32F0xx_HAL_Driver/Inc -I../Drivers/STM32F0xx_HAL_Driver/Inc/Legacy -I../Drivers/CMSIS/Device/ST/STM32F0xx/Include -I../Drivers/CMSIS/Include -O0 -ffunction-sections -fdata-sections -fno-exceptions -fno-rtti -fno-use-cxa-atexit -Wall -fstack-usage -fcyclomatic-complexity -MMD -MP -MF"lib/LED/LED.d" -MT"lib/LED/LED.o" --specs=nano.specs -mfloat-abi=soft -mthumb -o "lib/LED/LED.o"
arm-none-eabi-g++ "../lib/Helper/Helper.cpp" -mcpu=cortex-m0 -std=gnu++14 -g3 -DDEBUG -DUSE_HAL_DRIVER -DSTM32F030x8 -c -I../Core/Inc -I"C:/Users/Dr. S Chakraborty/OneDrive/Desktop/STM32_Dispenser/Test/lib" -I../Drivers/STM32F0xx_HAL_Driver/Inc -I../Drivers/STM32F0xx_HAL_Driver/Inc/Legacy -I../Drivers/CMSIS/Device/ST/STM32F0xx/Include -I../Drivers/CMSIS/Include -O0 -ffunction-sections -fdata-sections -fno-exceptions -fno-rtti -fno-use-cxa-atexit -Wall -fstack-usage -fcyclomatic-complexity -MMD -MP -MF"lib/Helper/Helper.d" -MT"lib/Helper/Helper.o" --specs=nano.specs -mfloat-abi=soft -mthumb -o "lib/Helper/Helper.o"
arm-none-eabi-g++ "../lib/HX711/HX711.cpp" -mcpu=cortex-m0 -std=gnu++14 -g3 -DDEBUG -DUSE_HAL_DRIVER -DSTM32F030x8 -c -I../Core/Inc -I"C:/Users/Dr. S Chakraborty/OneDrive/Desktop/STM32_Dispenser/Test/lib" -I../Drivers/STM32F0xx_HAL_Driver/Inc -I../Drivers/STM32F0xx_HAL_Driver/Inc/Legacy -I../Drivers/CMSIS/Device/ST/STM32F0xx/Include -I../Drivers/CMSIS/Include -O0 -ffunction-sections -fdata-sections -fno-exceptions -fno-rtti -fno-use-cxa-atexit -Wall -fstack-usage -fcyclomatic-complexity -MMD -MP -MF"lib/HX711/HX711.d" -MT"lib/HX711/HX711.o" --specs=nano.specs -mfloat-abi=soft -mthumb -o "lib/HX711/HX711.o"
arm-none-eabi-g++ "../lib/Delay/Delay.cpp" -mcpu=cortex-m0 -std=gnu++14 -g3 -DDEBUG -DUSE_HAL_DRIVER -DSTM32F030x8 -c -I../Core/Inc -I"C:/Users/Dr. S Chakraborty/OneDrive/Desktop/STM32_Dispenser/Test/lib" -I../Drivers/STM32F0xx_HAL_Driver/Inc -I../Drivers/STM32F0xx_HAL_Driver/Inc/Legacy -I../Drivers/CMSIS/Device/ST/STM32F0xx/Include -I../Drivers/CMSIS/Include -O0 -ffunction-sections -fdata-sections -fno-exceptions -fno-rtti -fno-use-cxa-atexit -Wall -fstack-usage -fcyclomatic-complexity -MMD -MP -MF"lib/Delay/Delay.d" -MT"lib/Delay/Delay.o" --specs=nano.specs -mfloat-abi=soft -mthumb -o "lib/Delay/Delay.o"
arm-none-eabi-g++ "../lib/Debug/Debug.cpp" -mcpu=cortex-m0 -std=gnu++14 -g3 -DDEBUG -DUSE_HAL_DRIVER -DSTM32F030x8 -c -I../Core/Inc -I"C:/Users/Dr. S Chakraborty/OneDrive/Desktop/STM32_Dispenser/Test/lib" -I../Drivers/STM32F0xx_HAL_Driver/Inc -I../Drivers/STM32F0xx_HAL_Driver/Inc/Legacy -I../Drivers/CMSIS/Device/ST/STM32F0xx/Include -I../Drivers/CMSIS/Include -O0 -ffunction-sections -fdata-sections -fno-exceptions -fno-rtti -fno-use-cxa-atexit -Wall -fstack-usage -fcyclomatic-complexity -MMD -MP -MF"lib/Debug/Debug.d" -MT"lib/Debug/Debug.o" --specs=nano.specs -mfloat-abi=soft -mthumb -o "lib/Debug/Debug.o"
arm-none-eabi-g++ "../lib/CAN_UART/CanUart.cpp" -mcpu=cortex-m0 -std=gnu++14 -g3 -DDEBUG -DUSE_HAL_DRIVER -DSTM32F030x8 -c -I../Core/Inc -I"C:/Users/Dr. S Chakraborty/OneDrive/Desktop/STM32_Dispenser/Test/lib" -I../Drivers/STM32F0xx_HAL_Driver/Inc -I../Drivers/STM32F0xx_HAL_Driver/Inc/Legacy -I../Drivers/CMSIS/Device/ST/STM32F0xx/Include -I../Drivers/CMSIS/Include -O0 -ffunction-sections -fdata-sections -fno-exceptions -fno-rtti -fno-use-cxa-atexit -Wall -fstack-usage -fcyclomatic-complexity -MMD -MP -MF"lib/CAN_UART/CanUart.d" -MT"lib/CAN_UART/CanUart.o" --specs=nano.specs -mfloat-abi=soft -mthumb -o "lib/CAN_UART/CanUart.o"
arm-none-eabi-g++ "../lib/CAN_UART/CanUartPolling.cpp" -mcpu=cortex-m0 -std=gnu++14 -g3 -DDEBUG -DUSE_HAL_DRIVER -DSTM32F030x8 -c -I../Core/Inc -I"C:/Users/Dr. S Chakraborty/OneDrive/Desktop/STM32_Dispenser/Test/lib" -I../Drivers/STM32F0xx_HAL_Driver/Inc -I../Drivers/STM32F0xx_HAL_Driver/Inc/Legacy -I../Drivers/CMSIS/Device/ST/STM32F0xx/Include -I../Drivers/CMSIS/Include -O0 -ffunction-sections -fdata-sections -fno-exceptions -fno-rtti -fno-use-cxa-atexit -Wall -fstack-usage -fcyclomatic-complexity -MMD -MP -MF"lib/CAN_UART/CanUartPolling.d" -MT"lib/CAN_UART/CanUartPolling.o" --specs=nano.specs -mfloat-abi=soft -mthumb -o "lib/CAN_UART/CanUartPolling.o"
arm-none-eabi-g++ "../lib/CAN/can.cpp" -mcpu=cortex-m0 -std=gnu++14 -g3 -DDEBUG -DUSE_HAL_DRIVER -DSTM32F030x8 -c -I../Core/Inc -I"C:/Users/Dr. S Chakraborty/OneDrive/Desktop/STM32_Dispenser/Test/lib" -I../Drivers/STM32F0xx_HAL_Driver/Inc -I../Drivers/STM32F0xx_HAL_Driver/Inc/Legacy -I../Drivers/CMSIS/Device/ST/STM32F0xx/Include -I../Drivers/CMSIS/Include -O0 -ffunction-sections -fdata-sections -fno-exceptions -fno-rtti -fno-use-cxa-atexit -Wall -fstack-usage -fcyclomatic-complexity -MMD -MP -MF"lib/CAN/can.d" -MT"lib/CAN/can.o" --specs=nano.specs -mfloat-abi=soft -mthumb -o "lib/CAN/can.o"
arm-none-eabi-gcc "../Drivers/STM32F0xx_HAL_Driver/Src/stm32f0xx_hal.c" -mcpu=cortex-m0 -std=gnu11 -g3 -DDEBUG -DUSE_HAL_DRIVER -DSTM32F030x8 -c -I../Core/Inc -I"C:/Users/Dr. S Chakraborty/OneDrive/Desktop/STM32_Dispenser/Test/lib" -I../Drivers/STM32F0xx_HAL_Driver/Inc -I../Drivers/STM32F0xx_HAL_Driver/Inc/Legacy -I../Drivers/CMSIS/Device/ST/STM32F0xx/Include -I../Drivers/CMSIS/Include -O0 -ffunction-sections -fdata-sections -Wall -fstack-usage -fcyclomatic-complexity -MMD -MP -MF"Drivers/STM32F0xx_HAL_Driver/Src/stm32f0xx_hal.d" -MT"Drivers/STM32F0xx_HAL_Driver/Src/stm32f0xx_hal.o" --specs=nano.specs -mfloat-abi=soft -mthumb -o "Drivers/STM32F0xx_HAL_Driver/Src/stm32f0xx_hal.o"
arm-none-eabi-gcc "../Drivers/STM32F0xx_HAL_Driver/Src/stm32f0xx_hal_cortex.c" -mcpu=cortex-m0 -std=gnu11 -g3 -DDEBUG -DUSE_HAL_DRIVER -DSTM32F030x8 -c -I../Core/Inc -I"C:/Users/Dr. S Chakraborty/OneDrive/Desktop/STM32_Dispenser/Test/lib" -I../Drivers/STM32F0xx_HAL_Driver/Inc -I../Drivers/STM32F0xx_HAL_Driver/Inc/Legacy -I../Drivers/CMSIS/Device/ST/STM32F0xx/Include -I../Drivers/CMSIS/Include -O0 -ffunction-sections -fdata-sections -Wall -fstack-usage -fcyclomatic-complexity -MMD -MP -MF"Drivers/STM32F0xx_HAL_Driver/Src/stm32f0xx_hal_cortex.d" -MT"Drivers/STM32F0xx_HAL_Driver/Src/stm32f0xx_hal_cortex.o" --specs=nano.specs -mfloat-abi=soft -mthumb -o "Drivers/STM32F0xx_HAL_Driver/Src/stm32f0xx_hal_cortex.o"
arm-none-eabi-gcc "../Drivers/STM32F0xx_HAL_Driver/Src/stm32f0xx_hal_dma.c" -mcpu=cortex-m0 -std=gnu11 -g3 -DDEBUG -DUSE_HAL_DRIVER -DSTM32F030x8 -c -I../Core/Inc -I"C:/Users/Dr. S Chakraborty/OneDrive/Desktop/STM32_Dispenser/Test/lib" -I../Drivers/STM32F0xx_HAL_Driver/Inc -I../Drivers/STM32F0xx_HAL_Driver/Inc/Legacy -I../Drivers/CMSIS/Device/ST/STM32F0xx/Include -I../Drivers/CMSIS/Include -O0 -ffunction-sections -fdata-sections -Wall -fstack-usage -fcyclomatic-complexity -MMD -MP -MF"Drivers/STM32F0xx_HAL_Driver/Src/stm32f0xx_hal_dma.d" -MT"Drivers/STM32F0xx_HAL_Driver/Src/stm32f0xx_hal_dma.o" --specs=nano.specs -mfloat-abi=soft -mthumb -o "Drivers/STM32F0xx_HAL_Driver/Src/stm32f0xx_hal_dma.o"
arm-none-eabi-gcc "../Drivers/STM32F0xx_HAL_Driver/Src/stm32f0xx_hal_exti.c" -mcpu=cortex-m0 -std=gnu11 -g3 -DDEBUG -DUSE_HAL_DRIVER -DSTM32F030x8 -c -I../Core/Inc -I"C:/Users/Dr. S Chakraborty/OneDrive/Desktop/STM32_Dispenser/Test/lib" -I../Drivers/STM32F0xx_HAL_Driver/Inc -I../Drivers/STM32F0xx_HAL_Driver/Inc/Legacy -I../Drivers/CMSIS/Device/ST/STM32F0xx/Include -I../Drivers/CMSIS/Include -O0 -ffunction-sections -fdata-sections -Wall -fstack-usage -fcyclomatic-complexity -MMD -MP -MF"Drivers/STM32F0xx_HAL_Driver/Src/stm32f0xx_hal_exti.d" -MT"Drivers/STM32F0xx_HAL_Driver/Src/stm32f0xx_hal_exti.o" --specs=nano.specs -mfloat-abi=soft -mthumb -o "Drivers/STM32F0xx_HAL_Driver/Src/stm32f0xx_hal_exti.o"
arm-none-eabi-gcc "../Drivers/STM32F0xx_HAL_Driver/Src/stm32f0xx_hal_flash.c" -mcpu=cortex-m0 -std=gnu11 -g3 -DDEBUG -DUSE_HAL_DRIVER -DSTM32F030x8 -c -I../Core/Inc -I"C:/Users/Dr. S Chakraborty/OneDrive/Desktop/STM32_Dispenser/Test/lib" -I../Drivers/STM32F0xx_HAL_Driver/Inc -I../Drivers/STM32F0xx_HAL_Driver/Inc/Legacy -I../Drivers/CMSIS/Device/ST/STM32F0xx/Include -I../Drivers/CMSIS/Include -O0 -ffunction-sections -fdata-sections -Wall -fstack-usage -fcyclomatic-complexity -MMD -MP -MF"Drivers/STM32F0xx_HAL_Driver/Src/stm32f0xx_hal_flash.d" -MT"Drivers/STM32F0xx_HAL_Driver/Src/stm32f0xx_hal_flash.o" --specs=nano.specs -mfloat-abi=soft -mthumb -o "Drivers/STM32F0xx_HAL_Driver/Src/stm32f0xx_hal_flash.o"
arm-none-eabi-gcc "../Drivers/STM32F0xx_HAL_Driver/Src/stm32f0xx_hal_flash_ex.c" -mcpu=cortex-m0 -std=gnu11 -g3 -DDEBUG -DUSE_HAL_DRIVER -DSTM32F030x8 -c -I../Core/Inc -I"C:/Users/Dr. S Chakraborty/OneDrive/Desktop/STM32_Dispenser/Test/lib" -I../Drivers/STM32F0xx_HAL_Driver/Inc -I../Drivers/STM32F0xx_HAL_Driver/Inc/Legacy -I../Drivers/CMSIS/Device/ST/STM32F0xx/Include -I../Drivers/CMSIS/Include -O0 -ffunction-sections -fdata-sections -Wall -fstack-usage -fcyclomatic-complexity -MMD -MP -MF"Drivers/STM32F0xx_HAL_Driver/Src/stm32f0xx_hal_flash_ex.d" -MT"Drivers/STM32F0xx_HAL_Driver/Src/stm32f0xx_hal_flash_ex.o" --specs=nano.specs -mfloat-abi=soft -mthumb -o "Drivers/STM32F0xx_HAL_Driver/Src/stm32f0xx_hal_flash_ex.o"
arm-none-eabi-gcc "../Drivers/STM32F0xx_HAL_Driver/Src/stm32f0xx_hal_gpio.c" -mcpu=cortex-m0 -std=gnu11 -g3 -DDEBUG -DUSE_HAL_DRIVER -DSTM32F030x8 -c -I../Core/Inc -I"C:/Users/Dr. S Chakraborty/OneDrive/Desktop/STM32_Dispenser/Test/lib" -I../Drivers/STM32F0xx_HAL_Driver/Inc -I../Drivers/STM32F0xx_HAL_Driver/Inc/Legacy -I../Drivers/CMSIS/Device/ST/STM32F0xx/Include -I../Drivers/CMSIS/Include -O0 -ffunction-sections -fdata-sections -Wall -fstack-usage -fcyclomatic-complexity -MMD -MP -MF"Drivers/STM32F0xx_HAL_Driver/Src/stm32f0xx_hal_gpio.d" -MT"Drivers/STM32F0xx_HAL_Driver/Src/stm32f0xx_hal_gpio.o" --specs=nano.specs -mfloat-abi=soft -mthumb -o "Drivers/STM32F0xx_HAL_Driver/Src/stm32f0xx_hal_gpio.o"
../lib/CAN/can.cpp:5:14: warning: 'debug' initialized and declared 'extern'
    5 | extern Debug debug(&huart2);
      |              ^~~~~
../lib/CAN/can.cpp: In member function 'bool CANProtocol::ParseError(uint8_t*, uint16_t, Packet_t*)':
../lib/CAN/can.cpp:16:56: warning: enum constant in boolean context [-Wint-in-bool-context]
   16 |     if (buffer[0] != 0x66 || buffer[1] != 0x55) return preambles_not_found;
      |                                                        ^~~~~~~~~~~~~~~~~~~
../lib/CAN/can.cpp:19:66: warning: enum constant in boolean context [-Wint-in-bool-context]
   19 |      if (buffer[len-2] != 0x77 || buffer[len -1] != 0x88) return postambles_not_found;
      |                                                                  ^~~~~~~~~~~~~~~~~~~~
../lib/CAN/can.cpp:23:65: warning: enum constant in boolean context [-Wint-in-bool-context]
   23 |     if (packetLen != len || packetLen > KBUS_MAX_PACKET) return packet_length_exceeds;
      |                                                                 ^~~~~~~~~~~~~~~~~~~~~
../lib/CAN/can.cpp:48:41: warning: enum constant in boolean context [-Wint-in-bool-context]
   48 |     if (calcCRC != receivedCRC) return  CRC_error;
      |                                         ^~~~~~~~~
arm-none-eabi-gcc "../Drivers/STM32F0xx_HAL_Driver/Src/stm32f0xx_hal_i2c.c" -mcpu=cortex-m0 -std=gnu11 -g3 -DDEBUG -DUSE_HAL_DRIVER -DSTM32F030x8 -c -I../Core/Inc -I"C:/Users/Dr. S Chakraborty/OneDrive/Desktop/STM32_Dispenser/Test/lib" -I../Drivers/STM32F0xx_HAL_Driver/Inc -I../Drivers/STM32F0xx_HAL_Driver/Inc/Legacy -I../Drivers/CMSIS/Device/ST/STM32F0xx/Include -I../Drivers/CMSIS/Include -O0 -ffunction-sections -fdata-sections -Wall -fstack-usage -fcyclomatic-complexity -MMD -MP -MF"Drivers/STM32F0xx_HAL_Driver/Src/stm32f0xx_hal_i2c.d" -MT"Drivers/STM32F0xx_HAL_Driver/Src/stm32f0xx_hal_i2c.o" --specs=nano.specs -mfloat-abi=soft -mthumb -o "Drivers/STM32F0xx_HAL_Driver/Src/stm32f0xx_hal_i2c.o"
arm-none-eabi-gcc "../Drivers/STM32F0xx_HAL_Driver/Src/stm32f0xx_hal_i2c_ex.c" -mcpu=cortex-m0 -std=gnu11 -g3 -DDEBUG -DUSE_HAL_DRIVER -DSTM32F030x8 -c -I../Core/Inc -I"C:/Users/Dr. S Chakraborty/OneDrive/Desktop/STM32_Dispenser/Test/lib" -I../Drivers/STM32F0xx_HAL_Driver/Inc -I../Drivers/STM32F0xx_HAL_Driver/Inc/Legacy -I../Drivers/CMSIS/Device/ST/STM32F0xx/Include -I../Drivers/CMSIS/Include -O0 -ffunction-sections -fdata-sections -Wall -fstack-usage -fcyclomatic-complexity -MMD -MP -MF"Drivers/STM32F0xx_HAL_Driver/Src/stm32f0xx_hal_i2c_ex.d" -MT"Drivers/STM32F0xx_HAL_Driver/Src/stm32f0xx_hal_i2c_ex.o" --specs=nano.specs -mfloat-abi=soft -mthumb -o "Drivers/STM32F0xx_HAL_Driver/Src/stm32f0xx_hal_i2c_ex.o"
arm-none-eabi-gcc "../Drivers/STM32F0xx_HAL_Driver/Src/stm32f0xx_hal_pwr.c" -mcpu=cortex-m0 -std=gnu11 -g3 -DDEBUG -DUSE_HAL_DRIVER -DSTM32F030x8 -c -I../Core/Inc -I"C:/Users/Dr. S Chakraborty/OneDrive/Desktop/STM32_Dispenser/Test/lib" -I../Drivers/STM32F0xx_HAL_Driver/Inc -I../Drivers/STM32F0xx_HAL_Driver/Inc/Legacy -I../Drivers/CMSIS/Device/ST/STM32F0xx/Include -I../Drivers/CMSIS/Include -O0 -ffunction-sections -fdata-sections -Wall -fstack-usage -fcyclomatic-complexity -MMD -MP -MF"Drivers/STM32F0xx_HAL_Driver/Src/stm32f0xx_hal_pwr.d" -MT"Drivers/STM32F0xx_HAL_Driver/Src/stm32f0xx_hal_pwr.o" --specs=nano.specs -mfloat-abi=soft -mthumb -o "Drivers/STM32F0xx_HAL_Driver/Src/stm32f0xx_hal_pwr.o"
arm-none-eabi-gcc "../Drivers/STM32F0xx_HAL_Driver/Src/stm32f0xx_hal_pwr_ex.c" -mcpu=cortex-m0 -std=gnu11 -g3 -DDEBUG -DUSE_HAL_DRIVER -DSTM32F030x8 -c -I../Core/Inc -I"C:/Users/Dr. S Chakraborty/OneDrive/Desktop/STM32_Dispenser/Test/lib" -I../Drivers/STM32F0xx_HAL_Driver/Inc -I../Drivers/STM32F0xx_HAL_Driver/Inc/Legacy -I../Drivers/CMSIS/Device/ST/STM32F0xx/Include -I../Drivers/CMSIS/Include -O0 -ffunction-sections -fdata-sections -Wall -fstack-usage -fcyclomatic-complexity -MMD -MP -MF"Drivers/STM32F0xx_HAL_Driver/Src/stm32f0xx_hal_pwr_ex.d" -MT"Drivers/STM32F0xx_HAL_Driver/Src/stm32f0xx_hal_pwr_ex.o" --specs=nano.specs -mfloat-abi=soft -mthumb -o "Drivers/STM32F0xx_HAL_Driver/Src/stm32f0xx_hal_pwr_ex.o"
arm-none-eabi-gcc "../Drivers/STM32F0xx_HAL_Driver/Src/stm32f0xx_hal_rcc.c" -mcpu=cortex-m0 -std=gnu11 -g3 -DDEBUG -DUSE_HAL_DRIVER -DSTM32F030x8 -c -I../Core/Inc -I"C:/Users/Dr. S Chakraborty/OneDrive/Desktop/STM32_Dispenser/Test/lib" -I../Drivers/STM32F0xx_HAL_Driver/Inc -I../Drivers/STM32F0xx_HAL_Driver/Inc/Legacy -I../Drivers/CMSIS/Device/ST/STM32F0xx/Include -I../Drivers/CMSIS/Include -O0 -ffunction-sections -fdata-sections -Wall -fstack-usage -fcyclomatic-complexity -MMD -MP -MF"Drivers/STM32F0xx_HAL_Driver/Src/stm32f0xx_hal_rcc.d" -MT"Drivers/STM32F0xx_HAL_Driver/Src/stm32f0xx_hal_rcc.o" --specs=nano.specs -mfloat-abi=soft -mthumb -o "Drivers/STM32F0xx_HAL_Driver/Src/stm32f0xx_hal_rcc.o"
arm-none-eabi-gcc "../Drivers/STM32F0xx_HAL_Driver/Src/stm32f0xx_hal_rcc_ex.c" -mcpu=cortex-m0 -std=gnu11 -g3 -DDEBUG -DUSE_HAL_DRIVER -DSTM32F030x8 -c -I../Core/Inc -I"C:/Users/Dr. S Chakraborty/OneDrive/Desktop/STM32_Dispenser/Test/lib" -I../Drivers/STM32F0xx_HAL_Driver/Inc -I../Drivers/STM32F0xx_HAL_Driver/Inc/Legacy -I../Drivers/CMSIS/Device/ST/STM32F0xx/Include -I../Drivers/CMSIS/Include -O0 -ffunction-sections -fdata-sections -Wall -fstack-usage -fcyclomatic-complexity -MMD -MP -MF"Drivers/STM32F0xx_HAL_Driver/Src/stm32f0xx_hal_rcc_ex.d" -MT"Drivers/STM32F0xx_HAL_Driver/Src/stm32f0xx_hal_rcc_ex.o" --specs=nano.specs -mfloat-abi=soft -mthumb -o "Drivers/STM32F0xx_HAL_Driver/Src/stm32f0xx_hal_rcc_ex.o"
arm-none-eabi-gcc "../Drivers/STM32F0xx_HAL_Driver/Src/stm32f0xx_hal_tim.c" -mcpu=cortex-m0 -std=gnu11 -g3 -DDEBUG -DUSE_HAL_DRIVER -DSTM32F030x8 -c -I../Core/Inc -I"C:/Users/Dr. S Chakraborty/OneDrive/Desktop/STM32_Dispenser/Test/lib" -I../Drivers/STM32F0xx_HAL_Driver/Inc -I../Drivers/STM32F0xx_HAL_Driver/Inc/Legacy -I../Drivers/CMSIS/Device/ST/STM32F0xx/Include -I../Drivers/CMSIS/Include -O0 -ffunction-sections -fdata-sections -Wall -fstack-usage -fcyclomatic-complexity -MMD -MP -MF"Drivers/STM32F0xx_HAL_Driver/Src/stm32f0xx_hal_tim.d" -MT"Drivers/STM32F0xx_HAL_Driver/Src/stm32f0xx_hal_tim.o" --specs=nano.specs -mfloat-abi=soft -mthumb -o "Drivers/STM32F0xx_HAL_Driver/Src/stm32f0xx_hal_tim.o"
arm-none-eabi-gcc "../Drivers/STM32F0xx_HAL_Driver/Src/stm32f0xx_hal_tim_ex.c" -mcpu=cortex-m0 -std=gnu11 -g3 -DDEBUG -DUSE_HAL_DRIVER -DSTM32F030x8 -c -I../Core/Inc -I"C:/Users/Dr. S Chakraborty/OneDrive/Desktop/STM32_Dispenser/Test/lib" -I../Drivers/STM32F0xx_HAL_Driver/Inc -I../Drivers/STM32F0xx_HAL_Driver/Inc/Legacy -I../Drivers/CMSIS/Device/ST/STM32F0xx/Include -I../Drivers/CMSIS/Include -O0 -ffunction-sections -fdata-sections -Wall -fstack-usage -fcyclomatic-complexity -MMD -MP -MF"Drivers/STM32F0xx_HAL_Driver/Src/stm32f0xx_hal_tim_ex.d" -MT"Drivers/STM32F0xx_HAL_Driver/Src/stm32f0xx_hal_tim_ex.o" --specs=nano.specs -mfloat-abi=soft -mthumb -o "Drivers/STM32F0xx_HAL_Driver/Src/stm32f0xx_hal_tim_ex.o"
arm-none-eabi-gcc "../Drivers/STM32F0xx_HAL_Driver/Src/stm32f0xx_hal_uart.c" -mcpu=cortex-m0 -std=gnu11 -g3 -DDEBUG -DUSE_HAL_DRIVER -DSTM32F030x8 -c -I../Core/Inc -I"C:/Users/Dr. S Chakraborty/OneDrive/Desktop/STM32_Dispenser/Test/lib" -I../Drivers/STM32F0xx_HAL_Driver/Inc -I../Drivers/STM32F0xx_HAL_Driver/Inc/Legacy -I../Drivers/CMSIS/Device/ST/STM32F0xx/Include -I../Drivers/CMSIS/Include -O0 -ffunction-sections -fdata-sections -Wall -fstack-usage -fcyclomatic-complexity -MMD -MP -MF"Drivers/STM32F0xx_HAL_Driver/Src/stm32f0xx_hal_uart.d" -MT"Drivers/STM32F0xx_HAL_Driver/Src/stm32f0xx_hal_uart.o" --specs=nano.specs -mfloat-abi=soft -mthumb -o "Drivers/STM32F0xx_HAL_Driver/Src/stm32f0xx_hal_uart.o"
arm-none-eabi-gcc "../Drivers/STM32F0xx_HAL_Driver/Src/stm32f0xx_hal_uart_ex.c" -mcpu=cortex-m0 -std=gnu11 -g3 -DDEBUG -DUSE_HAL_DRIVER -DSTM32F030x8 -c -I../Core/Inc -I"C:/Users/Dr. S Chakraborty/OneDrive/Desktop/STM32_Dispenser/Test/lib" -I../Drivers/STM32F0xx_HAL_Driver/Inc -I../Drivers/STM32F0xx_HAL_Driver/Inc/Legacy -I../Drivers/CMSIS/Device/ST/STM32F0xx/Include -I../Drivers/CMSIS/Include -O0 -ffunction-sections -fdata-sections -Wall -fstack-usage -fcyclomatic-complexity -MMD -MP -MF"Drivers/STM32F0xx_HAL_Driver/Src/stm32f0xx_hal_uart_ex.d" -MT"Drivers/STM32F0xx_HAL_Driver/Src/stm32f0xx_hal_uart_ex.o" --specs=nano.specs -mfloat-abi=soft -mthumb -o "Drivers/STM32F0xx_HAL_Driver/Src/stm32f0xx_hal_uart_ex.o"
arm-none-eabi-gcc -mcpu=cortex-m0 -g3 -DDEBUG -c -I"C:/Users/Dr. S Chakraborty/OneDrive/Desktop/STM32_Dispenser/Test/lib" -x assembler-with-cpp -MMD -MP -MF"Core/Startup/startup_stm32f030c8tx.d" -MT"Core/Startup/startup_stm32f030c8tx.o" --specs=nano.specs -mfloat-abi=soft -mthumb -o "Core/Startup/startup_stm32f030c8tx.o" "../Core/Startup/startup_stm32f030c8tx.s"
arm-none-eabi-gcc "../Core/Src/main.c" -mcpu=cortex-m0 -std=gnu11 -g3 -DDEBUG -DUSE_HAL_DRIVER -DSTM32F030x8 -c -I../Core/Inc -I"C:/Users/Dr. S Chakraborty/OneDrive/Desktop/STM32_Dispenser/Test/lib" -I../Drivers/STM32F0xx_HAL_Driver/Inc -I../Drivers/STM32F0xx_HAL_Driver/Inc/Legacy -I../Drivers/CMSIS/Device/ST/STM32F0xx/Include -I../Drivers/CMSIS/Include -O0 -ffunction-sections -fdata-sections -Wall -fstack-usage -fcyclomatic-complexity -MMD -MP -MF"Core/Src/main.d" -MT"Core/Src/main.o" --specs=nano.specs -mfloat-abi=soft -mthumb -o "Core/Src/main.o"
arm-none-eabi-g++ "../Core/Src/prj_disp.cpp" -mcpu=cortex-m0 -std=gnu++14 -g3 -DDEBUG -DUSE_HAL_DRIVER -DSTM32F030x8 -c -I../Core/Inc -I"C:/Users/Dr. S Chakraborty/OneDrive/Desktop/STM32_Dispenser/Test/lib" -I../Drivers/STM32F0xx_HAL_Driver/Inc -I../Drivers/STM32F0xx_HAL_Driver/Inc/Legacy -I../Drivers/CMSIS/Device/ST/STM32F0xx/Include -I../Drivers/CMSIS/Include -O0 -ffunction-sections -fdata-sections -fno-exceptions -fno-rtti -fno-use-cxa-atexit -Wall -fstack-usage -fcyclomatic-complexity -MMD -MP -MF"Core/Src/prj_disp.d" -MT"Core/Src/prj_disp.o" --specs=nano.specs -mfloat-abi=soft -mthumb -o "Core/Src/prj_disp.o"
arm-none-eabi-gcc "../Core/Src/stm32f0xx_hal_msp.c" -mcpu=cortex-m0 -std=gnu11 -g3 -DDEBUG -DUSE_HAL_DRIVER -DSTM32F030x8 -c -I../Core/Inc -I"C:/Users/Dr. S Chakraborty/OneDrive/Desktop/STM32_Dispenser/Test/lib" -I../Drivers/STM32F0xx_HAL_Driver/Inc -I../Drivers/STM32F0xx_HAL_Driver/Inc/Legacy -I../Drivers/CMSIS/Device/ST/STM32F0xx/Include -I../Drivers/CMSIS/Include -O0 -ffunction-sections -fdata-sections -Wall -fstack-usage -fcyclomatic-complexity -MMD -MP -MF"Core/Src/stm32f0xx_hal_msp.d" -MT"Core/Src/stm32f0xx_hal_msp.o" --specs=nano.specs -mfloat-abi=soft -mthumb -o "Core/Src/stm32f0xx_hal_msp.o"
arm-none-eabi-gcc "../Core/Src/stm32f0xx_it.c" -mcpu=cortex-m0 -std=gnu11 -g3 -DDEBUG -DUSE_HAL_DRIVER -DSTM32F030x8 -c -I../Core/Inc -I"C:/Users/Dr. S Chakraborty/OneDrive/Desktop/STM32_Dispenser/Test/lib" -I../Drivers/STM32F0xx_HAL_Driver/Inc -I../Drivers/STM32F0xx_HAL_Driver/Inc/Legacy -I../Drivers/CMSIS/Device/ST/STM32F0xx/Include -I../Drivers/CMSIS/Include -O0 -ffunction-sections -fdata-sections -Wall -fstack-usage -fcyclomatic-complexity -MMD -MP -MF"Core/Src/stm32f0xx_it.d" -MT"Core/Src/stm32f0xx_it.o" --specs=nano.specs -mfloat-abi=soft -mthumb -o "Core/Src/stm32f0xx_it.o"
arm-none-eabi-gcc "../Core/Src/syscalls.c" -mcpu=cortex-m0 -std=gnu11 -g3 -DDEBUG -DUSE_HAL_DRIVER -DSTM32F030x8 -c -I../Core/Inc -I"C:/Users/Dr. S Chakraborty/OneDrive/Desktop/STM32_Dispenser/Test/lib" -I../Drivers/STM32F0xx_HAL_Driver/Inc -I../Drivers/STM32F0xx_HAL_Driver/Inc/Legacy -I../Drivers/CMSIS/Device/ST/STM32F0xx/Include -I../Drivers/CMSIS/Include -O0 -ffunction-sections -fdata-sections -Wall -fstack-usage -fcyclomatic-complexity -MMD -MP -MF"Core/Src/syscalls.d" -MT"Core/Src/syscalls.o" --specs=nano.specs -mfloat-abi=soft -mthumb -o "Core/Src/syscalls.o"
arm-none-eabi-gcc "../Core/Src/sysmem.c" -mcpu=cortex-m0 -std=gnu11 -g3 -DDEBUG -DUSE_HAL_DRIVER -DSTM32F030x8 -c -I../Core/Inc -I"C:/Users/Dr. S Chakraborty/OneDrive/Desktop/STM32_Dispenser/Test/lib" -I../Drivers/STM32F0xx_HAL_Driver/Inc -I../Drivers/STM32F0xx_HAL_Driver/Inc/Legacy -I../Drivers/CMSIS/Device/ST/STM32F0xx/Include -I../Drivers/CMSIS/Include -O0 -ffunction-sections -fdata-sections -Wall -fstack-usage -fcyclomatic-complexity -MMD -MP -MF"Core/Src/sysmem.d" -MT"Core/Src/sysmem.o" --specs=nano.specs -mfloat-abi=soft -mthumb -o "Core/Src/sysmem.o"
arm-none-eabi-gcc "../Core/Src/system_stm32f0xx.c" -mcpu=cortex-m0 -std=gnu11 -g3 -DDEBUG -DUSE_HAL_DRIVER -DSTM32F030x8 -c -I../Core/Inc -I"C:/Users/Dr. S Chakraborty/OneDrive/Desktop/STM32_Dispenser/Test/lib" -I../Drivers/STM32F0xx_HAL_Driver/Inc -I../Drivers/STM32F0xx_HAL_Driver/Inc/Legacy -I../Drivers/CMSIS/Device/ST/STM32F0xx/Include -I../Drivers/CMSIS/Include -O0 -ffunction-sections -fdata-sections -Wall -fstack-usage -fcyclomatic-complexity -MMD -MP -MF"Core/Src/system_stm32f0xx.d" -MT"Core/Src/system_stm32f0xx.o" --specs=nano.specs -mfloat-abi=soft -mthumb -o "Core/Src/system_stm32f0xx.o"
../Core/Src/prj_disp.cpp: In function 'void process_Real_Hardware()':
../Core/Src/prj_disp.cpp:66:14: warning: unused variable 'value' [-Wunused-variable]
   66 |         long value;
      |              ^~~~~
../Core/Src/prj_disp.cpp: In function 'char DispenseWeight(long int, int)':
../Core/Src/prj_disp.cpp:171:2: warning: no return statement in function returning non-void [-Wreturn-type]
  171 |  }
      |  ^
arm-none-eabi-g++ -o "Test.elf" @"objects.list"   -mcpu=cortex-m0 -T"C:\Users\Dr. S Chakraborty\OneDrive\Desktop\STM32_Dispenser\Test\STM32F030C8TX_FLASH.ld" --specs=nosys.specs -Wl,-Map="Test.map" -Wl,--gc-sections -static --specs=nano.specs -mfloat-abi=soft -mthumb -Wl,--start-group -lc -lm -lstdc++ -lsupc++ -Wl,--end-group
Finished building target: Test.elf
 
arm-none-eabi-size  Test.elf 
arm-none-eabi-objdump -h -S Test.elf  > "Test.list"
   text	   data	    bss	    dec	    hex	filename
  22076	     92	   2500	  24668	   605c	Test.elf
Finished building: default.size.stdout
 
Finished building: Test.list
 
16:38:45 **** Incremental Build of configuration Debug for project Test ****
make -j8 all 
arm-none-eabi-g++ "../Core/Src/prj_disp.cpp" -mcpu=cortex-m0 -std=gnu++14 -g3 -DDEBUG -DUSE_HAL_DRIVER -DSTM32F030x8 -c -I../Core/Inc -I"C:/Users/Dr. S Chakraborty/OneDrive/Desktop/STM32_Dispenser/Test/lib" -I../Drivers/STM32F0xx_HAL_Driver/Inc -I../Drivers/STM32F0xx_HAL_Driver/Inc/Legacy -I../Drivers/CMSIS/Device/ST/STM32F0xx/Include -I../Drivers/CMSIS/Include -O0 -ffunction-sections -fdata-sections -fno-exceptions -fno-rtti -fno-use-cxa-atexit -Wall -fstack-usage -fcyclomatic-complexity -MMD -MP -MF"Core/Src/prj_disp.d" -MT"Core/Src/prj_disp.o" --specs=nano.specs -mfloat-abi=soft -mthumb -o "Core/Src/prj_disp.o"
../Core/Src/prj_disp.cpp: In function 'void process_Real_Hardware()':
../Core/Src/prj_disp.cpp:66:14: warning: unused variable 'value' [-Wunused-variable]
   66 |         long value;
      |              ^~~~~
../Core/Src/prj_disp.cpp: In function 'char DispenseWeight(long int, int)':
../Core/Src/prj_disp.cpp:171:2: warning: no return statement in function returning non-void [-Wreturn-type]
  171 |  }
      |  ^
arm-none-eabi-g++ -o "Test.elf" @"objects.list"   -mcpu=cortex-m0 -T"C:\Users\Dr. S Chakraborty\OneDrive\Desktop\STM32_Dispenser\Test\STM32F030C8TX_FLASH.ld" --specs=nosys.specs -Wl,-Map="Test.map" -Wl,--gc-sections -static --specs=nano.specs -mfloat-abi=soft -mthumb -Wl,--start-group -lc -lm -lstdc++ -lsupc++ -Wl,--end-group
Finished building target: Test.elf
 
arm-none-eabi-size  Test.elf 
arm-none-eabi-objdump -h -S Test.elf  > "Test.list"
   text	   data	    bss	    dec	    hex	filename
  24720	     92	   2508	  27320	   6ab8	Test.elf
Finished building: default.size.stdout
 
Finished building: Test.list
 
16:45:05 **** Incremental Build of configuration Debug for project Test ****
make -j8 all 
arm-none-eabi-size  Test.elf 
   text	   data	    bss	    dec	    hex	filename
  24720	     92	   2508	  27320	   6ab8	Test.elf
Finished building: default.size.stdout
 
16:49:47 **** Incremental Build of configuration Debug for project Test ****
make -j8 all 
arm-none-eabi-size  Test.elf 
   text	   data	    bss	    dec	    hex	filename
  24720	     92	   2508	  27320	   6ab8	Test.elf
Finished building: default.size.stdout
 
19:07:35 **** Incremental Build of configuration Debug for project Test ****
make -j8 all 
arm-none-eabi-size  Test.elf 
   text	   data	    bss	    dec	    hex	filename
  24720	     92	   2508	  27320	   6ab8	Test.elf
Finished building: default.size.stdout
 
19:22:16 **** Incremental Build of configuration Debug for project Test ****
make -j8 all 
arm-none-eabi-g++ "../lib/CAN/can.cpp" -mcpu=cortex-m0 -std=gnu++14 -g3 -DDEBUG -DUSE_HAL_DRIVER -DSTM32F030x8 -c -I../Core/Inc -I"C:/Users/Dr. S Chakraborty/OneDrive/Desktop/STM32_Dispenser/Test/lib" -I../Drivers/STM32F0xx_HAL_Driver/Inc -I../Drivers/STM32F0xx_HAL_Driver/Inc/Legacy -I../Drivers/CMSIS/Device/ST/STM32F0xx/Include -I../Drivers/CMSIS/Include -O0 -ffunction-sections -fdata-sections -fno-exceptions -fno-rtti -fno-use-cxa-atexit -Wall -fstack-usage -fcyclomatic-complexity -MMD -MP -MF"lib/CAN/can.d" -MT"lib/CAN/can.o" --specs=nano.specs -mfloat-abi=soft -mthumb -o "lib/CAN/can.o"
arm-none-eabi-gcc "../Core/Src/main.c" -mcpu=cortex-m0 -std=gnu11 -g3 -DDEBUG -DUSE_HAL_DRIVER -DSTM32F030x8 -c -I../Core/Inc -I"C:/Users/Dr. S Chakraborty/OneDrive/Desktop/STM32_Dispenser/Test/lib" -I../Drivers/STM32F0xx_HAL_Driver/Inc -I../Drivers/STM32F0xx_HAL_Driver/Inc/Legacy -I../Drivers/CMSIS/Device/ST/STM32F0xx/Include -I../Drivers/CMSIS/Include -O0 -ffunction-sections -fdata-sections -Wall -fstack-usage -fcyclomatic-complexity -MMD -MP -MF"Core/Src/main.d" -MT"Core/Src/main.o" --specs=nano.specs -mfloat-abi=soft -mthumb -o "Core/Src/main.o"
arm-none-eabi-g++ "../Core/Src/prj_disp.cpp" -mcpu=cortex-m0 -std=gnu++14 -g3 -DDEBUG -DUSE_HAL_DRIVER -DSTM32F030x8 -c -I../Core/Inc -I"C:/Users/Dr. S Chakraborty/OneDrive/Desktop/STM32_Dispenser/Test/lib" -I../Drivers/STM32F0xx_HAL_Driver/Inc -I../Drivers/STM32F0xx_HAL_Driver/Inc/Legacy -I../Drivers/CMSIS/Device/ST/STM32F0xx/Include -I../Drivers/CMSIS/Include -O0 -ffunction-sections -fdata-sections -fno-exceptions -fno-rtti -fno-use-cxa-atexit -Wall -fstack-usage -fcyclomatic-complexity -MMD -MP -MF"Core/Src/prj_disp.d" -MT"Core/Src/prj_disp.o" --specs=nano.specs -mfloat-abi=soft -mthumb -o "Core/Src/prj_disp.o"
../lib/CAN/can.cpp:5:14: warning: 'debug' initialized and declared 'extern'
    5 | extern Debug debug(&huart2);
      |              ^~~~~
../lib/CAN/can.cpp: In member function 'bool CANProtocol::ParseError(uint8_t*, uint16_t, Packet_t*)':
../lib/CAN/can.cpp:16:56: warning: enum constant in boolean context [-Wint-in-bool-context]
   16 |     if (buffer[0] != 0x66 || buffer[1] != 0x55) return preambles_not_found;
      |                                                        ^~~~~~~~~~~~~~~~~~~
../lib/CAN/can.cpp:19:66: warning: enum constant in boolean context [-Wint-in-bool-context]
   19 |      if (buffer[len-2] != 0x77 || buffer[len -1] != 0x88) return postambles_not_found;
      |                                                                  ^~~~~~~~~~~~~~~~~~~~
../lib/CAN/can.cpp:23:65: warning: enum constant in boolean context [-Wint-in-bool-context]
   23 |     if (packetLen != len || packetLen > KBUS_MAX_PACKET) return packet_length_exceeds;
      |                                                                 ^~~~~~~~~~~~~~~~~~~~~
../lib/CAN/can.cpp:48:41: warning: enum constant in boolean context [-Wint-in-bool-context]
   48 |     if (calcCRC != receivedCRC) return  CRC_error;
      |                                         ^~~~~~~~~
../Core/Src/prj_disp.cpp: In function 'void prj_Disp_init()':
../Core/Src/prj_disp.cpp:61:21: error: 'binaryBuffer' was not declared in this scope
   61 |     canP.ParseError(binaryBuffer, len, &pkt));
      |                     ^~~~~~~~~~~~
../Core/Src/prj_disp.cpp: In function 'void process_Real_Hardware()':
../Core/Src/prj_disp.cpp:71:14: warning: unused variable 'value' [-Wunused-variable]
   71 |         long value;
      |              ^~~~~
../Core/Src/prj_disp.cpp: In function 'char DispenseWeight(long int, int)':
../Core/Src/prj_disp.cpp:176:2: warning: no return statement in function returning non-void [-Wreturn-type]
  176 |  }
      |  ^
make: *** [Core/Src/subdir.mk:43: Core/Src/prj_disp.o] Error 1
make: *** Waiting for unfinished jobs....
"make -j8 all" terminated with exit code 2. Build might be incomplete.
19:22:46 **** Incremental Build of configuration Debug for project Test ****
make -j8 all 
arm-none-eabi-g++ "../Core/Src/prj_disp.cpp" -mcpu=cortex-m0 -std=gnu++14 -g3 -DDEBUG -DUSE_HAL_DRIVER -DSTM32F030x8 -c -I../Core/Inc -I"C:/Users/Dr. S Chakraborty/OneDrive/Desktop/STM32_Dispenser/Test/lib" -I../Drivers/STM32F0xx_HAL_Driver/Inc -I../Drivers/STM32F0xx_HAL_Driver/Inc/Legacy -I../Drivers/CMSIS/Device/ST/STM32F0xx/Include -I../Drivers/CMSIS/Include -O0 -ffunction-sections -fdata-sections -fno-exceptions -fno-rtti -fno-use-cxa-atexit -Wall -fstack-usage -fcyclomatic-complexity -MMD -MP -MF"Core/Src/prj_disp.d" -MT"Core/Src/prj_disp.o" --specs=nano.specs -mfloat-abi=soft -mthumb -o "Core/Src/prj_disp.o"
../Core/Src/prj_disp.cpp: In function 'void prj_Disp_init()':
../Core/Src/prj_disp.cpp:61:36: error: expected ';' before ')' token
   61 |     canP.ParseError(bfr, len, &pkt));
      |                                    ^
      |                                    ;
../Core/Src/prj_disp.cpp: In function 'void process_Real_Hardware()':
../Core/Src/prj_disp.cpp:71:14: warning: unused variable 'value' [-Wunused-variable]
   71 |         long value;
      |              ^~~~~
../Core/Src/prj_disp.cpp: In function 'char DispenseWeight(long int, int)':
../Core/Src/prj_disp.cpp:176:2: warning: no return statement in function returning non-void [-Wreturn-type]
  176 |  }
      |  ^
make: *** [Core/Src/subdir.mk:43: Core/Src/prj_disp.o] Error 1
"make -j8 all" terminated with exit code 2. Build might be incomplete.
19:23:06 **** Incremental Build of configuration Debug for project Test ****
make -j8 all 
arm-none-eabi-g++ "../Core/Src/prj_disp.cpp" -mcpu=cortex-m0 -std=gnu++14 -g3 -DDEBUG -DUSE_HAL_DRIVER -DSTM32F030x8 -c -I../Core/Inc -I"C:/Users/Dr. S Chakraborty/OneDrive/Desktop/STM32_Dispenser/Test/lib" -I../Drivers/STM32F0xx_HAL_Driver/Inc -I../Drivers/STM32F0xx_HAL_Driver/Inc/Legacy -I../Drivers/CMSIS/Device/ST/STM32F0xx/Include -I../Drivers/CMSIS/Include -O0 -ffunction-sections -fdata-sections -fno-exceptions -fno-rtti -fno-use-cxa-atexit -Wall -fstack-usage -fcyclomatic-complexity -MMD -MP -MF"Core/Src/prj_disp.d" -MT"Core/Src/prj_disp.o" --specs=nano.specs -mfloat-abi=soft -mthumb -o "Core/Src/prj_disp.o"
../Core/Src/prj_disp.cpp: In function 'void process_Real_Hardware()':
../Core/Src/prj_disp.cpp:71:14: warning: unused variable 'value' [-Wunused-variable]
   71 |         long value;
      |              ^~~~~
../Core/Src/prj_disp.cpp: In function 'char DispenseWeight(long int, int)':
../Core/Src/prj_disp.cpp:176:2: warning: no return statement in function returning non-void [-Wreturn-type]
  176 |  }
      |  ^
arm-none-eabi-g++ -o "Test.elf" @"objects.list"   -mcpu=cortex-m0 -T"C:\Users\Dr. S Chakraborty\OneDrive\Desktop\STM32_Dispenser\Test\STM32F030C8TX_FLASH.ld" --specs=nosys.specs -Wl,-Map="Test.map" -Wl,--gc-sections -static --specs=nano.specs -mfloat-abi=soft -mthumb -Wl,--start-group -lc -lm -lstdc++ -lsupc++ -Wl,--end-group
Finished building target: Test.elf
 
arm-none-eabi-size  Test.elf 
arm-none-eabi-objdump -h -S Test.elf  > "Test.list"
   text	   data	    bss	    dec	    hex	filename
  24884	     92	   2508	  27484	   6b5c	Test.elf
Finished building: default.size.stdout
 
Finished building: Test.list
 
19:23:13 **** Incremental Build of configuration Debug for project Test ****
make -j8 all 
arm-none-eabi-size  Test.elf 
   text	   data	    bss	    dec	    hex	filename
  24884	     92	   2508	  27484	   6b5c	Test.elf
Finished building: default.size.stdout
 
19:23:44 **** Incremental Build of configuration Debug for project Test ****
make -j8 all 
arm-none-eabi-size  Test.elf 
   text	   data	    bss	    dec	    hex	filename
  24884	     92	   2508	  27484	   6b5c	Test.elf
Finished building: default.size.stdout
 
19:24:01 **** Incremental Build of configuration Debug for project Test ****
make -j8 all 
arm-none-eabi-size  Test.elf 
   text	   data	    bss	    dec	    hex	filename
  24884	     92	   2508	  27484	   6b5c	Test.elf
Finished building: default.size.stdout
 
19:28:04 **** Incremental Build of configuration Debug for project Test ****
make -j8 all 
arm-none-eabi-g++ "../lib/CAN/can.cpp" -mcpu=cortex-m0 -std=gnu++14 -g3 -DDEBUG -DUSE_HAL_DRIVER -DSTM32F030x8 -c -I../Core/Inc -I"C:/Users/Dr. S Chakraborty/OneDrive/Desktop/STM32_Dispenser/Test/lib" -I../Drivers/STM32F0xx_HAL_Driver/Inc -I../Drivers/STM32F0xx_HAL_Driver/Inc/Legacy -I../Drivers/CMSIS/Device/ST/STM32F0xx/Include -I../Drivers/CMSIS/Include -O0 -ffunction-sections -fdata-sections -fno-exceptions -fno-rtti -fno-use-cxa-atexit -Wall -fstack-usage -fcyclomatic-complexity -MMD -MP -MF"lib/CAN/can.d" -MT"lib/CAN/can.o" --specs=nano.specs -mfloat-abi=soft -mthumb -o "lib/CAN/can.o"
../lib/CAN/can.cpp:5:14: warning: 'debug' initialized and declared 'extern'
    5 | extern Debug debug(&huart2);
      |              ^~~~~
../lib/CAN/can.cpp: In member function 'bool CANProtocol::ParseError(uint8_t*, uint16_t, Packet_t*)':
../lib/CAN/can.cpp:16:56: warning: enum constant in boolean context [-Wint-in-bool-context]
   16 |     if (buffer[0] != 0x66 || buffer[1] != 0x55) return preambles_not_found;
      |                                                        ^~~~~~~~~~~~~~~~~~~
../lib/CAN/can.cpp:19:66: warning: enum constant in boolean context [-Wint-in-bool-context]
   19 |      if (buffer[len-2] != 0x77 || buffer[len -1] != 0x88) return postambles_not_found;
      |                                                                  ^~~~~~~~~~~~~~~~~~~~
../lib/CAN/can.cpp:23:65: warning: enum constant in boolean context [-Wint-in-bool-context]
   23 |     if (packetLen != len || packetLen > KBUS_MAX_PACKET) return packet_length_exceeds;
      |                                                                 ^~~~~~~~~~~~~~~~~~~~~
../lib/CAN/can.cpp:48:41: warning: enum constant in boolean context [-Wint-in-bool-context]
   48 |     if (calcCRC != receivedCRC) return  CRC_error;
      |                                         ^~~~~~~~~
arm-none-eabi-g++ -o "Test.elf" @"objects.list"   -mcpu=cortex-m0 -T"C:\Users\Dr. S Chakraborty\OneDrive\Desktop\STM32_Dispenser\Test\STM32F030C8TX_FLASH.ld" --specs=nosys.specs -Wl,-Map="Test.map" -Wl,--gc-sections -static --specs=nano.specs -mfloat-abi=soft -mthumb -Wl,--start-group -lc -lm -lstdc++ -lsupc++ -Wl,--end-group
Finished building target: Test.elf
 
arm-none-eabi-size  Test.elf 
arm-none-eabi-objdump -h -S Test.elf  > "Test.list"
   text	   data	    bss	    dec	    hex	filename
  24884	     92	   2508	  27484	   6b5c	Test.elf
Finished building: default.size.stdout
 
Finished building: Test.list
 
19:58:59 **** Incremental Build of configuration Debug for project Test ****
make -j8 all 
arm-none-eabi-g++ "../Core/Src/prj_disp.cpp" -mcpu=cortex-m0 -std=gnu++14 -g3 -DDEBUG -DUSE_HAL_DRIVER -DSTM32F030x8 -c -I../Core/Inc -I"C:/Users/Dr. S Chakraborty/OneDrive/Desktop/STM32_Dispenser/Test/lib" -I../Drivers/STM32F0xx_HAL_Driver/Inc -I../Drivers/STM32F0xx_HAL_Driver/Inc/Legacy -I../Drivers/CMSIS/Device/ST/STM32F0xx/Include -I../Drivers/CMSIS/Include -O0 -ffunction-sections -fdata-sections -fno-exceptions -fno-rtti -fno-use-cxa-atexit -Wall -fstack-usage -fcyclomatic-complexity -MMD -MP -MF"Core/Src/prj_disp.d" -MT"Core/Src/prj_disp.o" --specs=nano.specs -mfloat-abi=soft -mthumb -o "Core/Src/prj_disp.o"
../Core/Src/prj_disp.cpp: In function 'void process_Real_Hardware()':
../Core/Src/prj_disp.cpp:71:14: warning: unused variable 'value' [-Wunused-variable]
   71 |         long value;
      |              ^~~~~
../Core/Src/prj_disp.cpp: In function 'char DispenseWeight(long int, int)':
../Core/Src/prj_disp.cpp:176:2: warning: no return statement in function returning non-void [-Wreturn-type]
  176 |  }
      |  ^
arm-none-eabi-g++ -o "Test.elf" @"objects.list"   -mcpu=cortex-m0 -T"C:\Users\Dr. S Chakraborty\OneDrive\Desktop\STM32_Dispenser\Test\STM32F030C8TX_FLASH.ld" --specs=nosys.specs -Wl,-Map="Test.map" -Wl,--gc-sections -static --specs=nano.specs -mfloat-abi=soft -mthumb -Wl,--start-group -lc -lm -lstdc++ -lsupc++ -Wl,--end-group
Finished building target: Test.elf
 
arm-none-eabi-size  Test.elf 
arm-none-eabi-objdump -h -S Test.elf  > "Test.list"
   text	   data	    bss	    dec	    hex	filename
  24736	     92	   2508	  27336	   6ac8	Test.elf
Finished building: default.size.stdout
 
Finished building: Test.list
 
09:51:39 **** Incremental Build of configuration Debug for project Test ****
make -j8 all 
arm-none-eabi-g++ "../Core/Src/prj_disp.cpp" -mcpu=cortex-m0 -std=gnu++14 -g3 -DDEBUG -DUSE_HAL_DRIVER -DSTM32F030x8 -c -I../Core/Inc -I"C:/Users/Dr. S Chakraborty/OneDrive/Desktop/STM32_Dispenser/Test/lib" -I../Drivers/STM32F0xx_HAL_Driver/Inc -I../Drivers/STM32F0xx_HAL_Driver/Inc/Legacy -I../Drivers/CMSIS/Device/ST/STM32F0xx/Include -I../Drivers/CMSIS/Include -O0 -ffunction-sections -fdata-sections -fno-exceptions -fno-rtti -fno-use-cxa-atexit -Wall -fstack-usage -fcyclomatic-complexity -MMD -MP -MF"Core/Src/prj_disp.d" -MT"Core/Src/prj_disp.o" --specs=nano.specs -mfloat-abi=soft -mthumb -o "Core/Src/prj_disp.o"
../Core/Src/prj_disp.cpp: In function 'void process_Real_Hardware()':
../Core/Src/prj_disp.cpp:71:14: warning: unused variable 'value' [-Wunused-variable]
   71 |         long value;
      |              ^~~~~
../Core/Src/prj_disp.cpp: In function 'char DispenseWeight(long int, int)':
../Core/Src/prj_disp.cpp:164:2: warning: no return statement in function returning non-void [-Wreturn-type]
  164 |  }
      |  ^
arm-none-eabi-g++ -o "Test.elf" @"objects.list"   -mcpu=cortex-m0 -T"C:\Users\Dr. S Chakraborty\OneDrive\Desktop\STM32_Dispenser\Test\STM32F030C8TX_FLASH.ld" --specs=nosys.specs -Wl,-Map="Test.map" -Wl,--gc-sections -static --specs=nano.specs -mfloat-abi=soft -mthumb -Wl,--start-group -lc -lm -lstdc++ -lsupc++ -Wl,--end-group
Finished building target: Test.elf
 
arm-none-eabi-size  Test.elf 
arm-none-eabi-objdump -h -S Test.elf  > "Test.list"
   text	   data	    bss	    dec	    hex	filename
  24736	     92	   2508	  27336	   6ac8	Test.elf
Finished building: default.size.stdout
 
Finished building: Test.list
 
11:26:12 **** Incremental Build of configuration Debug for project Test ****
make -j8 all 
arm-none-eabi-g++ "../lib/Helper/Helper.cpp" -mcpu=cortex-m0 -std=gnu++14 -g3 -DDEBUG -DUSE_HAL_DRIVER -DSTM32F030x8 -c -I../Core/Inc -I"C:/Users/Dr. S Chakraborty/OneDrive/Desktop/STM32_Dispenser/Test/lib" -I../Drivers/STM32F0xx_HAL_Driver/Inc -I../Drivers/STM32F0xx_HAL_Driver/Inc/Legacy -I../Drivers/CMSIS/Device/ST/STM32F0xx/Include -I../Drivers/CMSIS/Include -O0 -ffunction-sections -fdata-sections -fno-exceptions -fno-rtti -fno-use-cxa-atexit -Wall -fstack-usage -fcyclomatic-complexity -MMD -MP -MF"lib/Helper/Helper.d" -MT"lib/Helper/Helper.o" --specs=nano.specs -mfloat-abi=soft -mthumb -o "lib/Helper/Helper.o"
arm-none-eabi-g++ "../lib/CAN/can.cpp" -mcpu=cortex-m0 -std=gnu++14 -g3 -DDEBUG -DUSE_HAL_DRIVER -DSTM32F030x8 -c -I../Core/Inc -I"C:/Users/Dr. S Chakraborty/OneDrive/Desktop/STM32_Dispenser/Test/lib" -I../Drivers/STM32F0xx_HAL_Driver/Inc -I../Drivers/STM32F0xx_HAL_Driver/Inc/Legacy -I../Drivers/CMSIS/Device/ST/STM32F0xx/Include -I../Drivers/CMSIS/Include -O0 -ffunction-sections -fdata-sections -fno-exceptions -fno-rtti -fno-use-cxa-atexit -Wall -fstack-usage -fcyclomatic-complexity -MMD -MP -MF"lib/CAN/can.d" -MT"lib/CAN/can.o" --specs=nano.specs -mfloat-abi=soft -mthumb -o "lib/CAN/can.o"
../lib/Helper/Helper.cpp:67:20: warning: 'const char* GetRWString(uint8_t)' defined but not used [-Wunused-function]
   67 | static const char* GetRWString(uint8_t rw)
      |                    ^~~~~~~~~~~
../lib/CAN/can.cpp:5:14: warning: 'debug' initialized and declared 'extern'
    5 | extern Debug debug(&huart2);
      |              ^~~~~
../lib/CAN/can.cpp: In member function 'bool CANProtocol::ParseError(uint8_t*, uint16_t, Packet_t*)':
../lib/CAN/can.cpp:16:56: warning: enum constant in boolean context [-Wint-in-bool-context]
   16 |     if (buffer[0] != 0x66 || buffer[1] != 0x55) return preambles_not_found;
      |                                                        ^~~~~~~~~~~~~~~~~~~
../lib/CAN/can.cpp:19:66: warning: enum constant in boolean context [-Wint-in-bool-context]
   19 |      if (buffer[len-2] != 0x77 || buffer[len -1] != 0x88) return postambles_not_found;
      |                                                                  ^~~~~~~~~~~~~~~~~~~~
../lib/CAN/can.cpp:23:65: warning: enum constant in boolean context [-Wint-in-bool-context]
   23 |     if (packetLen != len || packetLen > KBUS_MAX_PACKET) return packet_length_exceeds;
      |                                                                 ^~~~~~~~~~~~~~~~~~~~~
../lib/CAN/can.cpp:48:41: warning: enum constant in boolean context [-Wint-in-bool-context]
   48 |     if (calcCRC != receivedCRC) return  CRC_error;
      |                                         ^~~~~~~~~
../lib/CAN/can.cpp: In member function 'void CANProtocol::printPacket(const Packet_t*)':
../lib/CAN/can.cpp:70:40: error: 'GetRWString' was not declared in this scope
   70 |     debug.print("RW         : %s\r\n", GetRWString(pkt->rw));
      |                                        ^~~~~~~~~~~
make: *** [lib/CAN/subdir.mk:19: lib/CAN/can.o] Error 1
"make -j8 all" terminated with exit code 2. Build might be incomplete.
11:28:01 **** Incremental Build of configuration Debug for project Test ****
make -j8 all 
arm-none-eabi-g++ "../lib/Helper/Helper.cpp" -mcpu=cortex-m0 -std=gnu++14 -g3 -DDEBUG -DUSE_HAL_DRIVER -DSTM32F030x8 -c -I../Core/Inc -I"C:/Users/Dr. S Chakraborty/OneDrive/Desktop/STM32_Dispenser/Test/lib" -I../Drivers/STM32F0xx_HAL_Driver/Inc -I../Drivers/STM32F0xx_HAL_Driver/Inc/Legacy -I../Drivers/CMSIS/Device/ST/STM32F0xx/Include -I../Drivers/CMSIS/Include -O0 -ffunction-sections -fdata-sections -fno-exceptions -fno-rtti -fno-use-cxa-atexit -Wall -fstack-usage -fcyclomatic-complexity -MMD -MP -MF"lib/Helper/Helper.d" -MT"lib/Helper/Helper.o" --specs=nano.specs -mfloat-abi=soft -mthumb -o "lib/Helper/Helper.o"
arm-none-eabi-g++ "../lib/CAN/can.cpp" -mcpu=cortex-m0 -std=gnu++14 -g3 -DDEBUG -DUSE_HAL_DRIVER -DSTM32F030x8 -c -I../Core/Inc -I"C:/Users/Dr. S Chakraborty/OneDrive/Desktop/STM32_Dispenser/Test/lib" -I../Drivers/STM32F0xx_HAL_Driver/Inc -I../Drivers/STM32F0xx_HAL_Driver/Inc/Legacy -I../Drivers/CMSIS/Device/ST/STM32F0xx/Include -I../Drivers/CMSIS/Include -O0 -ffunction-sections -fdata-sections -fno-exceptions -fno-rtti -fno-use-cxa-atexit -Wall -fstack-usage -fcyclomatic-complexity -MMD -MP -MF"lib/CAN/can.d" -MT"lib/CAN/can.o" --specs=nano.specs -mfloat-abi=soft -mthumb -o "lib/CAN/can.o"
arm-none-eabi-g++ "../Core/Src/prj_disp.cpp" -mcpu=cortex-m0 -std=gnu++14 -g3 -DDEBUG -DUSE_HAL_DRIVER -DSTM32F030x8 -c -I../Core/Inc -I"C:/Users/Dr. S Chakraborty/OneDrive/Desktop/STM32_Dispenser/Test/lib" -I../Drivers/STM32F0xx_HAL_Driver/Inc -I../Drivers/STM32F0xx_HAL_Driver/Inc/Legacy -I../Drivers/CMSIS/Device/ST/STM32F0xx/Include -I../Drivers/CMSIS/Include -O0 -ffunction-sections -fdata-sections -fno-exceptions -fno-rtti -fno-use-cxa-atexit -Wall -fstack-usage -fcyclomatic-complexity -MMD -MP -MF"Core/Src/prj_disp.d" -MT"Core/Src/prj_disp.o" --specs=nano.specs -mfloat-abi=soft -mthumb -o "Core/Src/prj_disp.o"
../lib/Helper/Helper.cpp:67:20: warning: 'const char* GetRWString(uint8_t)' defined but not used [-Wunused-function]
   67 | static const char* GetRWString(uint8_t rw)
      |                    ^~~~~~~~~~~
../lib/CAN/can.cpp:6:14: warning: 'debug' initialized and declared 'extern'
    6 | extern Debug debug(&huart2);
      |              ^~~~~
../lib/CAN/can.cpp: In member function 'bool CANProtocol::ParseError(uint8_t*, uint16_t, Packet_t*)':
../lib/CAN/can.cpp:17:56: warning: enum constant in boolean context [-Wint-in-bool-context]
   17 |     if (buffer[0] != 0x66 || buffer[1] != 0x55) return preambles_not_found;
      |                                                        ^~~~~~~~~~~~~~~~~~~
../lib/CAN/can.cpp:20:66: warning: enum constant in boolean context [-Wint-in-bool-context]
   20 |      if (buffer[len-2] != 0x77 || buffer[len -1] != 0x88) return postambles_not_found;
      |                                                                  ^~~~~~~~~~~~~~~~~~~~
../lib/CAN/can.cpp:24:65: warning: enum constant in boolean context [-Wint-in-bool-context]
   24 |     if (packetLen != len || packetLen > KBUS_MAX_PACKET) return packet_length_exceeds;
      |                                                                 ^~~~~~~~~~~~~~~~~~~~~
../lib/CAN/can.cpp:49:41: warning: enum constant in boolean context [-Wint-in-bool-context]
   49 |     if (calcCRC != receivedCRC) return  CRC_error;
      |                                         ^~~~~~~~~
In file included from ../lib/CAN/can.cpp:3:
C:/Users/Dr. S Chakraborty/OneDrive/Desktop/STM32_Dispenser/Test/lib/Helper/Helper.hpp: At global scope:
C:/Users/Dr. S Chakraborty/OneDrive/Desktop/STM32_Dispenser/Test/lib/Helper/Helper.hpp:10:20: warning: 'const char* GetRWString(uint8_t)' declared 'static' but never defined [-Wunused-function]
   10 | static const char* GetRWString(uint8_t rw);
      |                    ^~~~~~~~~~~
C:/Users/Dr. S Chakraborty/OneDrive/Desktop/STM32_Dispenser/Test/lib/Helper/Helper.hpp:10:20: warning: 'const char* GetRWString(uint8_t)' used but never defined
../Core/Src/prj_disp.cpp: In function 'void process_Real_Hardware()':
../Core/Src/prj_disp.cpp:71:14: warning: unused variable 'value' [-Wunused-variable]
   71 |         long value;
      |              ^~~~~
../Core/Src/prj_disp.cpp: In function 'char DispenseWeight(long int, int)':
../Core/Src/prj_disp.cpp:164:2: warning: no return statement in function returning non-void [-Wreturn-type]
  164 |  }
      |  ^
In file included from ../Core/Src/prj_disp.cpp:11:
C:/Users/Dr. S Chakraborty/OneDrive/Desktop/STM32_Dispenser/Test/lib/Helper/Helper.hpp: At global scope:
C:/Users/Dr. S Chakraborty/OneDrive/Desktop/STM32_Dispenser/Test/lib/Helper/Helper.hpp:10:20: warning: 'const char* GetRWString(uint8_t)' declared 'static' but never defined [-Wunused-function]
   10 | static const char* GetRWString(uint8_t rw);
      |                    ^~~~~~~~~~~
arm-none-eabi-g++ -o "Test.elf" @"objects.list"   -mcpu=cortex-m0 -T"C:\Users\Dr. S Chakraborty\OneDrive\Desktop\STM32_Dispenser\Test\STM32F030C8TX_FLASH.ld" --specs=nosys.specs -Wl,-Map="Test.map" -Wl,--gc-sections -static --specs=nano.specs -mfloat-abi=soft -mthumb -Wl,--start-group -lc -lm -lstdc++ -lsupc++ -Wl,--end-group
C:/ST/STM32CubeIDE_1.19.0/STM32CubeIDE/plugins/com.st.stm32cube.ide.mcu.externaltools.gnu-tools-for-stm32.13.3.rel1.win32_1.0.0.202411081344/tools/bin/../lib/gcc/arm-none-eabi/13.3.1/../../../../arm-none-eabi/bin/ld.exe: ./lib/CAN/can.o: in function `CANProtocol::printPacket(Packet_t const*)':
C:/Users/Dr. S Chakraborty/OneDrive/Desktop/STM32_Dispenser/Test/Debug/../lib/CAN/can.cpp:71:(.text._ZN11CANProtocol11printPacketEPK8Packet_t+0x7c): undefined reference to `GetRWString(unsigned char)'
collect2.exe: error: ld returned 1 exit status
make: *** [makefile:96: Test.elf] Error 1
"make -j8 all" terminated with exit code 2. Build might be incomplete.
11:29:23 **** Incremental Build of configuration Debug for project Test ****
make -j8 all 
arm-none-eabi-g++ "../lib/CAN/can.cpp" -mcpu=cortex-m0 -std=gnu++14 -g3 -DDEBUG -DUSE_HAL_DRIVER -DSTM32F030x8 -c -I../Core/Inc -I"C:/Users/Dr. S Chakraborty/OneDrive/Desktop/STM32_Dispenser/Test/lib" -I../Drivers/STM32F0xx_HAL_Driver/Inc -I../Drivers/STM32F0xx_HAL_Driver/Inc/Legacy -I../Drivers/CMSIS/Device/ST/STM32F0xx/Include -I../Drivers/CMSIS/Include -O0 -ffunction-sections -fdata-sections -fno-exceptions -fno-rtti -fno-use-cxa-atexit -Wall -fstack-usage -fcyclomatic-complexity -MMD -MP -MF"lib/CAN/can.d" -MT"lib/CAN/can.o" --specs=nano.specs -mfloat-abi=soft -mthumb -o "lib/CAN/can.o"
../lib/CAN/can.cpp:6:14: warning: 'debug' initialized and declared 'extern'
    6 | extern Debug debug(&huart2);
      |              ^~~~~
../lib/CAN/can.cpp: In member function 'bool CANProtocol::ParseError(uint8_t*, uint16_t, Packet_t*)':
../lib/CAN/can.cpp:17:56: warning: enum constant in boolean context [-Wint-in-bool-context]
   17 |     if (buffer[0] != 0x66 || buffer[1] != 0x55) return preambles_not_found;
      |                                                        ^~~~~~~~~~~~~~~~~~~
../lib/CAN/can.cpp:20:66: warning: enum constant in boolean context [-Wint-in-bool-context]
   20 |      if (buffer[len-2] != 0x77 || buffer[len -1] != 0x88) return postambles_not_found;
      |                                                                  ^~~~~~~~~~~~~~~~~~~~
../lib/CAN/can.cpp:24:65: warning: enum constant in boolean context [-Wint-in-bool-context]
   24 |     if (packetLen != len || packetLen > KBUS_MAX_PACKET) return packet_length_exceeds;
      |                                                                 ^~~~~~~~~~~~~~~~~~~~~
../lib/CAN/can.cpp:49:41: warning: enum constant in boolean context [-Wint-in-bool-context]
   49 |     if (calcCRC != receivedCRC) return  CRC_error;
      |                                         ^~~~~~~~~
../lib/CAN/can.cpp: In member function 'void CANProtocol::printPacket(const Packet_t*)':
../lib/CAN/can.cpp:71:40: error: 'Helper' has not been declared
   71 |     debug.print("RW         : %s\r\n", Helper::GetRWString(pkt->rw));
      |                                        ^~~~~~
In file included from ../lib/CAN/can.cpp:3:
C:/Users/Dr. S Chakraborty/OneDrive/Desktop/STM32_Dispenser/Test/lib/Helper/Helper.hpp: At global scope:
C:/Users/Dr. S Chakraborty/OneDrive/Desktop/STM32_Dispenser/Test/lib/Helper/Helper.hpp:10:20: warning: 'const char* GetRWString(uint8_t)' declared 'static' but never defined [-Wunused-function]
   10 | static const char* GetRWString(uint8_t rw);
      |                    ^~~~~~~~~~~
make: *** [lib/CAN/subdir.mk:19: lib/CAN/can.o] Error 1
"make -j8 all" terminated with exit code 2. Build might be incomplete.
11:31:23 **** Incremental Build of configuration Debug for project Test ****
make -j8 all 
arm-none-eabi-g++ "../lib/Helper/Helper.cpp" -mcpu=cortex-m0 -std=gnu++14 -g3 -DDEBUG -DUSE_HAL_DRIVER -DSTM32F030x8 -c -I../Core/Inc -I"C:/Users/Dr. S Chakraborty/OneDrive/Desktop/STM32_Dispenser/Test/lib" -I../Drivers/STM32F0xx_HAL_Driver/Inc -I../Drivers/STM32F0xx_HAL_Driver/Inc/Legacy -I../Drivers/CMSIS/Device/ST/STM32F0xx/Include -I../Drivers/CMSIS/Include -O0 -ffunction-sections -fdata-sections -fno-exceptions -fno-rtti -fno-use-cxa-atexit -Wall -fstack-usage -fcyclomatic-complexity -MMD -MP -MF"lib/Helper/Helper.d" -MT"lib/Helper/Helper.o" --specs=nano.specs -mfloat-abi=soft -mthumb -o "lib/Helper/Helper.o"
arm-none-eabi-g++ "../lib/CAN/can.cpp" -mcpu=cortex-m0 -std=gnu++14 -g3 -DDEBUG -DUSE_HAL_DRIVER -DSTM32F030x8 -c -I../Core/Inc -I"C:/Users/Dr. S Chakraborty/OneDrive/Desktop/STM32_Dispenser/Test/lib" -I../Drivers/STM32F0xx_HAL_Driver/Inc -I../Drivers/STM32F0xx_HAL_Driver/Inc/Legacy -I../Drivers/CMSIS/Device/ST/STM32F0xx/Include -I../Drivers/CMSIS/Include -O0 -ffunction-sections -fdata-sections -fno-exceptions -fno-rtti -fno-use-cxa-atexit -Wall -fstack-usage -fcyclomatic-complexity -MMD -MP -MF"lib/CAN/can.d" -MT"lib/CAN/can.o" --specs=nano.specs -mfloat-abi=soft -mthumb -o "lib/CAN/can.o"
../lib/Helper/Helper.cpp:67:13: warning: 'const char* GetRWString(uint8_t)' defined but not used [-Wunused-function]
   67 | const char* GetRWString(uint8_t rw)
      |             ^~~~~~~~~~~
../lib/CAN/can.cpp:6:14: warning: 'debug' initialized and declared 'extern'
    6 | extern Debug debug(&huart2);
      |              ^~~~~
../lib/CAN/can.cpp: In member function 'bool CANProtocol::ParseError(uint8_t*, uint16_t, Packet_t*)':
../lib/CAN/can.cpp:17:56: warning: enum constant in boolean context [-Wint-in-bool-context]
   17 |     if (buffer[0] != 0x66 || buffer[1] != 0x55) return preambles_not_found;
      |                                                        ^~~~~~~~~~~~~~~~~~~
../lib/CAN/can.cpp:20:66: warning: enum constant in boolean context [-Wint-in-bool-context]
   20 |      if (buffer[len-2] != 0x77 || buffer[len -1] != 0x88) return postambles_not_found;
      |                                                                  ^~~~~~~~~~~~~~~~~~~~
../lib/CAN/can.cpp:24:65: warning: enum constant in boolean context [-Wint-in-bool-context]
   24 |     if (packetLen != len || packetLen > KBUS_MAX_PACKET) return packet_length_exceeds;
      |                                                                 ^~~~~~~~~~~~~~~~~~~~~
../lib/CAN/can.cpp:49:41: warning: enum constant in boolean context [-Wint-in-bool-context]
   49 |     if (calcCRC != receivedCRC) return  CRC_error;
      |                                         ^~~~~~~~~
In file included from ../lib/CAN/can.cpp:3:
C:/Users/Dr. S Chakraborty/OneDrive/Desktop/STM32_Dispenser/Test/lib/Helper/Helper.hpp: At global scope:
C:/Users/Dr. S Chakraborty/OneDrive/Desktop/STM32_Dispenser/Test/lib/Helper/Helper.hpp:10:20: warning: 'const char* GetRWString(uint8_t)' declared 'static' but never defined [-Wunused-function]
   10 | static const char* GetRWString(uint8_t rw);
      |                    ^~~~~~~~~~~
C:/Users/Dr. S Chakraborty/OneDrive/Desktop/STM32_Dispenser/Test/lib/Helper/Helper.hpp:10:20: warning: 'const char* GetRWString(uint8_t)' used but never defined
arm-none-eabi-g++ -o "Test.elf" @"objects.list"   -mcpu=cortex-m0 -T"C:\Users\Dr. S Chakraborty\OneDrive\Desktop\STM32_Dispenser\Test\STM32F030C8TX_FLASH.ld" --specs=nosys.specs -Wl,-Map="Test.map" -Wl,--gc-sections -static --specs=nano.specs -mfloat-abi=soft -mthumb -Wl,--start-group -lc -lm -lstdc++ -lsupc++ -Wl,--end-group
C:/ST/STM32CubeIDE_1.19.0/STM32CubeIDE/plugins/com.st.stm32cube.ide.mcu.externaltools.gnu-tools-for-stm32.13.3.rel1.win32_1.0.0.202411081344/tools/bin/../lib/gcc/arm-none-eabi/13.3.1/../../../../arm-none-eabi/bin/ld.exe: ./lib/CAN/can.o: in function `CANProtocol::printPacket(Packet_t const*)':
C:/Users/Dr. S Chakraborty/OneDrive/Desktop/STM32_Dispenser/Test/Debug/../lib/CAN/can.cpp:71:(.text._ZN11CANProtocol11printPacketEPK8Packet_t+0x7c): undefined reference to `GetRWString(unsigned char)'
collect2.exe: error: ld returned 1 exit status
make: *** [makefile:96: Test.elf] Error 1
"make -j8 all" terminated with exit code 2. Build might be incomplete.
11:34:48 **** Incremental Build of configuration Debug for project Test ****
make -j8 all 
arm-none-eabi-g++ "../lib/Helper/Helper.cpp" -mcpu=cortex-m0 -std=gnu++14 -g3 -DDEBUG -DUSE_HAL_DRIVER -DSTM32F030x8 -c -I../Core/Inc -I"C:/Users/Dr. S Chakraborty/OneDrive/Desktop/STM32_Dispenser/Test/lib" -I../Drivers/STM32F0xx_HAL_Driver/Inc -I../Drivers/STM32F0xx_HAL_Driver/Inc/Legacy -I../Drivers/CMSIS/Device/ST/STM32F0xx/Include -I../Drivers/CMSIS/Include -O0 -ffunction-sections -fdata-sections -fno-exceptions -fno-rtti -fno-use-cxa-atexit -Wall -fstack-usage -fcyclomatic-complexity -MMD -MP -MF"lib/Helper/Helper.d" -MT"lib/Helper/Helper.o" --specs=nano.specs -mfloat-abi=soft -mthumb -o "lib/Helper/Helper.o"
arm-none-eabi-g++ "../lib/CAN/can.cpp" -mcpu=cortex-m0 -std=gnu++14 -g3 -DDEBUG -DUSE_HAL_DRIVER -DSTM32F030x8 -c -I../Core/Inc -I"C:/Users/Dr. S Chakraborty/OneDrive/Desktop/STM32_Dispenser/Test/lib" -I../Drivers/STM32F0xx_HAL_Driver/Inc -I../Drivers/STM32F0xx_HAL_Driver/Inc/Legacy -I../Drivers/CMSIS/Device/ST/STM32F0xx/Include -I../Drivers/CMSIS/Include -O0 -ffunction-sections -fdata-sections -fno-exceptions -fno-rtti -fno-use-cxa-atexit -Wall -fstack-usage -fcyclomatic-complexity -MMD -MP -MF"lib/CAN/can.d" -MT"lib/CAN/can.o" --specs=nano.specs -mfloat-abi=soft -mthumb -o "lib/CAN/can.o"
arm-none-eabi-g++ "../Core/Src/prj_disp.cpp" -mcpu=cortex-m0 -std=gnu++14 -g3 -DDEBUG -DUSE_HAL_DRIVER -DSTM32F030x8 -c -I../Core/Inc -I"C:/Users/Dr. S Chakraborty/OneDrive/Desktop/STM32_Dispenser/Test/lib" -I../Drivers/STM32F0xx_HAL_Driver/Inc -I../Drivers/STM32F0xx_HAL_Driver/Inc/Legacy -I../Drivers/CMSIS/Device/ST/STM32F0xx/Include -I../Drivers/CMSIS/Include -O0 -ffunction-sections -fdata-sections -fno-exceptions -fno-rtti -fno-use-cxa-atexit -Wall -fstack-usage -fcyclomatic-complexity -MMD -MP -MF"Core/Src/prj_disp.d" -MT"Core/Src/prj_disp.o" --specs=nano.specs -mfloat-abi=soft -mthumb -o "Core/Src/prj_disp.o"
../lib/CAN/can.cpp:6:14: warning: 'debug' initialized and declared 'extern'
    6 | extern Debug debug(&huart2);
      |              ^~~~~
../lib/CAN/can.cpp: In member function 'bool CANProtocol::ParseError(uint8_t*, uint16_t, Packet_t*)':
../lib/CAN/can.cpp:17:56: warning: enum constant in boolean context [-Wint-in-bool-context]
   17 |     if (buffer[0] != 0x66 || buffer[1] != 0x55) return preambles_not_found;
      |                                                        ^~~~~~~~~~~~~~~~~~~
../lib/CAN/can.cpp:20:66: warning: enum constant in boolean context [-Wint-in-bool-context]
   20 |      if (buffer[len-2] != 0x77 || buffer[len -1] != 0x88) return postambles_not_found;
      |                                                                  ^~~~~~~~~~~~~~~~~~~~
../lib/CAN/can.cpp:24:65: warning: enum constant in boolean context [-Wint-in-bool-context]
   24 |     if (packetLen != len || packetLen > KBUS_MAX_PACKET) return packet_length_exceeds;
      |                                                                 ^~~~~~~~~~~~~~~~~~~~~
../lib/CAN/can.cpp:49:41: warning: enum constant in boolean context [-Wint-in-bool-context]
   49 |     if (calcCRC != receivedCRC) return  CRC_error;
      |                                         ^~~~~~~~~
../Core/Src/prj_disp.cpp: In function 'void process_Real_Hardware()':
../Core/Src/prj_disp.cpp:71:14: warning: unused variable 'value' [-Wunused-variable]
   71 |         long value;
      |              ^~~~~
../Core/Src/prj_disp.cpp: In function 'char DispenseWeight(long int, int)':
../Core/Src/prj_disp.cpp:164:2: warning: no return statement in function returning non-void [-Wreturn-type]
  164 |  }
      |  ^
arm-none-eabi-g++ -o "Test.elf" @"objects.list"   -mcpu=cortex-m0 -T"C:\Users\Dr. S Chakraborty\OneDrive\Desktop\STM32_Dispenser\Test\STM32F030C8TX_FLASH.ld" --specs=nosys.specs -Wl,-Map="Test.map" -Wl,--gc-sections -static --specs=nano.specs -mfloat-abi=soft -mthumb -Wl,--start-group -lc -lm -lstdc++ -lsupc++ -Wl,--end-group
Finished building target: Test.elf
 
arm-none-eabi-size  Test.elf 
arm-none-eabi-objdump -h -S Test.elf  > "Test.list"
   text	   data	    bss	    dec	    hex	filename
  24816	     92	   2508	  27416	   6b18	Test.elf
Finished building: default.size.stdout
 
Finished building: Test.list
 
11:35:45 **** Incremental Build of configuration Debug for project Test ****
make -j8 all 
arm-none-eabi-g++ "../lib/CAN/can.cpp" -mcpu=cortex-m0 -std=gnu++14 -g3 -DDEBUG -DUSE_HAL_DRIVER -DSTM32F030x8 -c -I../Core/Inc -I"C:/Users/Dr. S Chakraborty/OneDrive/Desktop/STM32_Dispenser/Test/lib" -I../Drivers/STM32F0xx_HAL_Driver/Inc -I../Drivers/STM32F0xx_HAL_Driver/Inc/Legacy -I../Drivers/CMSIS/Device/ST/STM32F0xx/Include -I../Drivers/CMSIS/Include -O0 -ffunction-sections -fdata-sections -fno-exceptions -fno-rtti -fno-use-cxa-atexit -Wall -fstack-usage -fcyclomatic-complexity -MMD -MP -MF"lib/CAN/can.d" -MT"lib/CAN/can.o" --specs=nano.specs -mfloat-abi=soft -mthumb -o "lib/CAN/can.o"
../lib/CAN/can.cpp:6:14: warning: 'debug' initialized and declared 'extern'
    6 | extern Debug debug(&huart2);
      |              ^~~~~
../lib/CAN/can.cpp: In member function 'bool CANProtocol::ParseError(uint8_t*, uint16_t, Packet_t*)':
../lib/CAN/can.cpp:17:56: warning: enum constant in boolean context [-Wint-in-bool-context]
   17 |     if (buffer[0] != 0x66 || buffer[1] != 0x55) return preambles_not_found;
      |                                                        ^~~~~~~~~~~~~~~~~~~
../lib/CAN/can.cpp:20:66: warning: enum constant in boolean context [-Wint-in-bool-context]
   20 |      if (buffer[len-2] != 0x77 || buffer[len -1] != 0x88) return postambles_not_found;
      |                                                                  ^~~~~~~~~~~~~~~~~~~~
../lib/CAN/can.cpp:24:65: warning: enum constant in boolean context [-Wint-in-bool-context]
   24 |     if (packetLen != len || packetLen > KBUS_MAX_PACKET) return packet_length_exceeds;
      |                                                                 ^~~~~~~~~~~~~~~~~~~~~
../lib/CAN/can.cpp:49:41: warning: enum constant in boolean context [-Wint-in-bool-context]
   49 |     if (calcCRC != receivedCRC) return  CRC_error;
      |                                         ^~~~~~~~~
arm-none-eabi-g++ -o "Test.elf" @"objects.list"   -mcpu=cortex-m0 -T"C:\Users\Dr. S Chakraborty\OneDrive\Desktop\STM32_Dispenser\Test\STM32F030C8TX_FLASH.ld" --specs=nosys.specs -Wl,-Map="Test.map" -Wl,--gc-sections -static --specs=nano.specs -mfloat-abi=soft -mthumb -Wl,--start-group -lc -lm -lstdc++ -lsupc++ -Wl,--end-group
Finished building target: Test.elf
 
arm-none-eabi-size  Test.elf 
arm-none-eabi-objdump -h -S Test.elf  > "Test.list"
   text	   data	    bss	    dec	    hex	filename
  24816	     92	   2508	  27416	   6b18	Test.elf
Finished building: default.size.stdout
 
Finished building: Test.list
 
11:41:09 **** Incremental Build of configuration Debug for project Test ****
make -j8 all 
arm-none-eabi-g++ "../lib/Helper/Helper.cpp" -mcpu=cortex-m0 -std=gnu++14 -g3 -DDEBUG -DUSE_HAL_DRIVER -DSTM32F030x8 -c -I../Core/Inc -I"C:/Users/Dr. S Chakraborty/OneDrive/Desktop/STM32_Dispenser/Test/lib" -I../Drivers/STM32F0xx_HAL_Driver/Inc -I../Drivers/STM32F0xx_HAL_Driver/Inc/Legacy -I../Drivers/CMSIS/Device/ST/STM32F0xx/Include -I../Drivers/CMSIS/Include -O0 -ffunction-sections -fdata-sections -fno-exceptions -fno-rtti -fno-use-cxa-atexit -Wall -fstack-usage -fcyclomatic-complexity -MMD -MP -MF"lib/Helper/Helper.d" -MT"lib/Helper/Helper.o" --specs=nano.specs -mfloat-abi=soft -mthumb -o "lib/Helper/Helper.o"
arm-none-eabi-g++ "../lib/CAN/can.cpp" -mcpu=cortex-m0 -std=gnu++14 -g3 -DDEBUG -DUSE_HAL_DRIVER -DSTM32F030x8 -c -I../Core/Inc -I"C:/Users/Dr. S Chakraborty/OneDrive/Desktop/STM32_Dispenser/Test/lib" -I../Drivers/STM32F0xx_HAL_Driver/Inc -I../Drivers/STM32F0xx_HAL_Driver/Inc/Legacy -I../Drivers/CMSIS/Device/ST/STM32F0xx/Include -I../Drivers/CMSIS/Include -O0 -ffunction-sections -fdata-sections -fno-exceptions -fno-rtti -fno-use-cxa-atexit -Wall -fstack-usage -fcyclomatic-complexity -MMD -MP -MF"lib/CAN/can.d" -MT"lib/CAN/can.o" --specs=nano.specs -mfloat-abi=soft -mthumb -o "lib/CAN/can.o"
arm-none-eabi-g++ "../Core/Src/prj_disp.cpp" -mcpu=cortex-m0 -std=gnu++14 -g3 -DDEBUG -DUSE_HAL_DRIVER -DSTM32F030x8 -c -I../Core/Inc -I"C:/Users/Dr. S Chakraborty/OneDrive/Desktop/STM32_Dispenser/Test/lib" -I../Drivers/STM32F0xx_HAL_Driver/Inc -I../Drivers/STM32F0xx_HAL_Driver/Inc/Legacy -I../Drivers/CMSIS/Device/ST/STM32F0xx/Include -I../Drivers/CMSIS/Include -O0 -ffunction-sections -fdata-sections -fno-exceptions -fno-rtti -fno-use-cxa-atexit -Wall -fstack-usage -fcyclomatic-complexity -MMD -MP -MF"Core/Src/prj_disp.d" -MT"Core/Src/prj_disp.o" --specs=nano.specs -mfloat-abi=soft -mthumb -o "Core/Src/prj_disp.o"
../lib/CAN/can.cpp:6:14: warning: 'debug' initialized and declared 'extern'
    6 | extern Debug debug(&huart2);
      |              ^~~~~
../lib/CAN/can.cpp: In member function 'bool CANProtocol::ParseError(uint8_t*, uint16_t, Packet_t*)':
../lib/CAN/can.cpp:17:56: warning: enum constant in boolean context [-Wint-in-bool-context]
   17 |     if (buffer[0] != 0x66 || buffer[1] != 0x55) return preambles_not_found;
      |                                                        ^~~~~~~~~~~~~~~~~~~
../lib/CAN/can.cpp:20:66: warning: enum constant in boolean context [-Wint-in-bool-context]
   20 |      if (buffer[len-2] != 0x77 || buffer[len -1] != 0x88) return postambles_not_found;
      |                                                                  ^~~~~~~~~~~~~~~~~~~~
../lib/CAN/can.cpp:24:65: warning: enum constant in boolean context [-Wint-in-bool-context]
   24 |     if (packetLen != len || packetLen > KBUS_MAX_PACKET) return packet_length_exceeds;
      |                                                                 ^~~~~~~~~~~~~~~~~~~~~
../lib/CAN/can.cpp:49:41: warning: enum constant in boolean context [-Wint-in-bool-context]
   49 |     if (calcCRC != receivedCRC) return  CRC_error;
      |                                         ^~~~~~~~~
../Core/Src/prj_disp.cpp: In function 'void process_Real_Hardware()':
../Core/Src/prj_disp.cpp:71:14: warning: unused variable 'value' [-Wunused-variable]
   71 |         long value;
      |              ^~~~~
../Core/Src/prj_disp.cpp: In function 'char DispenseWeight(long int, int)':
../Core/Src/prj_disp.cpp:164:2: warning: no return statement in function returning non-void [-Wreturn-type]
  164 |  }
      |  ^
arm-none-eabi-g++ -o "Test.elf" @"objects.list"   -mcpu=cortex-m0 -T"C:\Users\Dr. S Chakraborty\OneDrive\Desktop\STM32_Dispenser\Test\STM32F030C8TX_FLASH.ld" --specs=nosys.specs -Wl,-Map="Test.map" -Wl,--gc-sections -static --specs=nano.specs -mfloat-abi=soft -mthumb -Wl,--start-group -lc -lm -lstdc++ -lsupc++ -Wl,--end-group
Finished building target: Test.elf
 
arm-none-eabi-size  Test.elf 
arm-none-eabi-objdump -h -S Test.elf  > "Test.list"
   text	   data	    bss	    dec	    hex	filename
  24892	     92	   2508	  27492	   6b64	Test.elf
Finished building: default.size.stdout
 
Finished building: Test.list
 
12:13:00 **** Incremental Build of configuration Debug for project Test ****
make -j8 all 
arm-none-eabi-g++ "../lib/Helper/Helper.cpp" -mcpu=cortex-m0 -std=gnu++14 -g3 -DDEBUG -DUSE_HAL_DRIVER -DSTM32F030x8 -c -I../Core/Inc -I"C:/Users/Dr. S Chakraborty/OneDrive/Desktop/STM32_Dispenser/Test/lib" -I../Drivers/STM32F0xx_HAL_Driver/Inc -I../Drivers/STM32F0xx_HAL_Driver/Inc/Legacy -I../Drivers/CMSIS/Device/ST/STM32F0xx/Include -I../Drivers/CMSIS/Include -O0 -ffunction-sections -fdata-sections -fno-exceptions -fno-rtti -fno-use-cxa-atexit -Wall -fstack-usage -fcyclomatic-complexity -MMD -MP -MF"lib/Helper/Helper.d" -MT"lib/Helper/Helper.o" --specs=nano.specs -mfloat-abi=soft -mthumb -o "lib/Helper/Helper.o"
arm-none-eabi-g++ "../lib/CAN/can.cpp" -mcpu=cortex-m0 -std=gnu++14 -g3 -DDEBUG -DUSE_HAL_DRIVER -DSTM32F030x8 -c -I../Core/Inc -I"C:/Users/Dr. S Chakraborty/OneDrive/Desktop/STM32_Dispenser/Test/lib" -I../Drivers/STM32F0xx_HAL_Driver/Inc -I../Drivers/STM32F0xx_HAL_Driver/Inc/Legacy -I../Drivers/CMSIS/Device/ST/STM32F0xx/Include -I../Drivers/CMSIS/Include -O0 -ffunction-sections -fdata-sections -fno-exceptions -fno-rtti -fno-use-cxa-atexit -Wall -fstack-usage -fcyclomatic-complexity -MMD -MP -MF"lib/CAN/can.d" -MT"lib/CAN/can.o" --specs=nano.specs -mfloat-abi=soft -mthumb -o "lib/CAN/can.o"
arm-none-eabi-g++ "../Core/Src/prj_disp.cpp" -mcpu=cortex-m0 -std=gnu++14 -g3 -DDEBUG -DUSE_HAL_DRIVER -DSTM32F030x8 -c -I../Core/Inc -I"C:/Users/Dr. S Chakraborty/OneDrive/Desktop/STM32_Dispenser/Test/lib" -I../Drivers/STM32F0xx_HAL_Driver/Inc -I../Drivers/STM32F0xx_HAL_Driver/Inc/Legacy -I../Drivers/CMSIS/Device/ST/STM32F0xx/Include -I../Drivers/CMSIS/Include -O0 -ffunction-sections -fdata-sections -fno-exceptions -fno-rtti -fno-use-cxa-atexit -Wall -fstack-usage -fcyclomatic-complexity -MMD -MP -MF"Core/Src/prj_disp.d" -MT"Core/Src/prj_disp.o" --specs=nano.specs -mfloat-abi=soft -mthumb -o "Core/Src/prj_disp.o"
../lib/Helper/Helper.cpp: In function 'const char* GetPIC_Type_String(uint8_t)':
../lib/Helper/Helper.cpp:90:13: error: 'cast' was not declared in this scope
   90 |     switch (cast)
      |             ^~~~
../lib/Helper/Helper.cpp:119:1: warning: control reaches end of non-void function [-Wreturn-type]
  119 | }
      | ^
make: *** [lib/Helper/subdir.mk:19: lib/Helper/Helper.o] Error 1
make: *** Waiting for unfinished jobs....
../lib/CAN/can.cpp:6:14: warning: 'debug' initialized and declared 'extern'
    6 | extern Debug debug(&huart2);
      |              ^~~~~
../lib/CAN/can.cpp: In member function 'bool CANProtocol::ParseError(uint8_t*, uint16_t, Packet_t*)':
../lib/CAN/can.cpp:17:56: warning: enum constant in boolean context [-Wint-in-bool-context]
   17 |     if (buffer[0] != 0x66 || buffer[1] != 0x55) return preambles_not_found;
      |                                                        ^~~~~~~~~~~~~~~~~~~
../lib/CAN/can.cpp:20:66: warning: enum constant in boolean context [-Wint-in-bool-context]
   20 |      if (buffer[len-2] != 0x77 || buffer[len -1] != 0x88) return postambles_not_found;
      |                                                                  ^~~~~~~~~~~~~~~~~~~~
../lib/CAN/can.cpp:24:65: warning: enum constant in boolean context [-Wint-in-bool-context]
   24 |     if (packetLen != len || packetLen > KBUS_MAX_PACKET) return packet_length_exceeds;
      |                                                                 ^~~~~~~~~~~~~~~~~~~~~
../lib/CAN/can.cpp:49:41: warning: enum constant in boolean context [-Wint-in-bool-context]
   49 |     if (calcCRC != receivedCRC) return  CRC_error;
      |                                         ^~~~~~~~~
../Core/Src/prj_disp.cpp: In function 'void process_Real_Hardware()':
../Core/Src/prj_disp.cpp:71:14: warning: unused variable 'value' [-Wunused-variable]
   71 |         long value;
      |              ^~~~~
../Core/Src/prj_disp.cpp: In function 'char DispenseWeight(long int, int)':
../Core/Src/prj_disp.cpp:164:2: warning: no return statement in function returning non-void [-Wreturn-type]
  164 |  }
      |  ^
"make -j8 all" terminated with exit code 2. Build might be incomplete.
12:13:39 **** Incremental Build of configuration Debug for project Test ****
make -j8 all 
arm-none-eabi-g++ "../lib/Helper/Helper.cpp" -mcpu=cortex-m0 -std=gnu++14 -g3 -DDEBUG -DUSE_HAL_DRIVER -DSTM32F030x8 -c -I../Core/Inc -I"C:/Users/Dr. S Chakraborty/OneDrive/Desktop/STM32_Dispenser/Test/lib" -I../Drivers/STM32F0xx_HAL_Driver/Inc -I../Drivers/STM32F0xx_HAL_Driver/Inc/Legacy -I../Drivers/CMSIS/Device/ST/STM32F0xx/Include -I../Drivers/CMSIS/Include -O0 -ffunction-sections -fdata-sections -fno-exceptions -fno-rtti -fno-use-cxa-atexit -Wall -fstack-usage -fcyclomatic-complexity -MMD -MP -MF"lib/Helper/Helper.d" -MT"lib/Helper/Helper.o" --specs=nano.specs -mfloat-abi=soft -mthumb -o "lib/Helper/Helper.o"
../lib/Helper/Helper.cpp: In function 'const char* GetPIC_Type_String(uint8_t)':
../lib/Helper/Helper.cpp:104:9: warning: case label value exceeds maximum value for type [-Wswitch-outside-range]
  104 |         case 300: return "MOTOR_X";
      |         ^~~~
../lib/Helper/Helper.cpp:105:9: warning: case label value exceeds maximum value for type [-Wswitch-outside-range]
  105 |         case 301: return "MOTOR_Y";
      |         ^~~~
../lib/Helper/Helper.cpp:106:9: warning: case label value exceeds maximum value for type [-Wswitch-outside-range]
  106 |         case 302: return "MOTOR_R1";
      |         ^~~~
../lib/Helper/Helper.cpp:107:9: warning: case label value exceeds maximum value for type [-Wswitch-outside-range]
  107 |         case 303: return "MOTOR_R2";
      |         ^~~~
../lib/Helper/Helper.cpp:108:9: warning: case label value exceeds maximum value for type [-Wswitch-outside-range]
  108 |         case 304: return "MOTOR_R3";
      |         ^~~~
../lib/Helper/Helper.cpp:109:9: warning: case label value exceeds maximum value for type [-Wswitch-outside-range]
[...]
arm-none-eabi-g++ "../Core/Src/prj_disp.cpp" -mcpu=cortex-m0 -std=gnu++14 -g3 -DDEBUG -DUSE_HAL_DRIVER -DSTM32F030x8 -c -I../Core/Inc -I"C:/Users/Dr. S Chakraborty/OneDrive/Desktop/STM32_Dispenser/Test/lib" -I../Drivers/STM32F0xx_HAL_Driver/Inc -I../Drivers/STM32F0xx_HAL_Driver/Inc/Legacy -I../Drivers/CMSIS/Device/ST/STM32F0xx/Include -I../Drivers/CMSIS/Include -O0 -ffunction-sections -fdata-sections -fno-exceptions -fno-rtti -fno-use-cxa-atexit -Wall -fstack-usage -fcyclomatic-complexity -MMD -MP -MF"Core/Src/prj_disp.d" -MT"Core/Src/prj_disp.o" --specs=nano.specs -mfloat-abi=soft -mthumb -o "Core/Src/prj_disp.o"
../Core/Src/prj_disp.cpp: In function 'void process_Real_Hardware()':
../Core/Src/prj_disp.cpp:71:14: warning: unused variable 'value' [-Wunused-variable]
   71 |         long value;
      |              ^~~~~
../Core/Src/prj_disp.cpp: In function 'char DispenseWeight(long int, int)':
../Core/Src/prj_disp.cpp:161:2: warning: no return statement in function returning non-void [-Wreturn-type]
  161 |  }
      |  ^
arm-none-eabi-g++ -o "Test.elf" @"objects.list"   -mcpu=cortex-m0 -T"C:\Users\Dr. S Chakraborty\OneDrive\Desktop\STM32_Dispenser\Test\STM32F030C8TX_FLASH.ld" --specs=nosys.specs -Wl,-Map="Test.map" -Wl,--gc-sections -static --specs=nano.specs -mfloat-abi=soft -mthumb -Wl,--start-group -lc -lm -lstdc++ -lsupc++ -Wl,--end-group
Finished building target: Test.elf
 
arm-none-eabi-size  Test.elf 
arm-none-eabi-objdump -h -S Test.elf  > "Test.list"
   text	   data	    bss	    dec	    hex	filename
  26084	     92	   2508	  28684	   700c	Test.elf
Finished building: default.size.stdout
 
Finished building: Test.list
 
14:26:22 **** Incremental Build of configuration Debug for project Test ****
make -j8 all 
arm-none-eabi-gcc "../Core/Src/main.c" -mcpu=cortex-m0 -std=gnu11 -g3 -DDEBUG -DUSE_HAL_DRIVER -DSTM32F030x8 -c -I../Core/Inc -I"C:/Users/Dr. S Chakraborty/OneDrive/Desktop/STM32_Dispenser/Test/lib" -I../Drivers/STM32F0xx_HAL_Driver/Inc -I../Drivers/STM32F0xx_HAL_Driver/Inc/Legacy -I../Drivers/CMSIS/Device/ST/STM32F0xx/Include -I../Drivers/CMSIS/Include -O0 -ffunction-sections -fdata-sections -Wall -fstack-usage -fcyclomatic-complexity -MMD -MP -MF"Core/Src/main.d" -MT"Core/Src/main.o" --specs=nano.specs -mfloat-abi=soft -mthumb -o "Core/Src/main.o"
arm-none-eabi-g++ "../Core/Src/prj_disp.cpp" -mcpu=cortex-m0 -std=gnu++14 -g3 -DDEBUG -DUSE_HAL_DRIVER -DSTM32F030x8 -c -I../Core/Inc -I"C:/Users/Dr. S Chakraborty/OneDrive/Desktop/STM32_Dispenser/Test/lib" -I../Drivers/STM32F0xx_HAL_Driver/Inc -I../Drivers/STM32F0xx_HAL_Driver/Inc/Legacy -I../Drivers/CMSIS/Device/ST/STM32F0xx/Include -I../Drivers/CMSIS/Include -O0 -ffunction-sections -fdata-sections -fno-exceptions -fno-rtti -fno-use-cxa-atexit -Wall -fstack-usage -fcyclomatic-complexity -MMD -MP -MF"Core/Src/prj_disp.d" -MT"Core/Src/prj_disp.o" --specs=nano.specs -mfloat-abi=soft -mthumb -o "Core/Src/prj_disp.o"
../Core/Src/prj_disp.cpp: In function 'void process_Real_Hardware()':
../Core/Src/prj_disp.cpp:71:14: warning: unused variable 'value' [-Wunused-variable]
   71 |         long value;
      |              ^~~~~
../Core/Src/prj_disp.cpp: In function 'char DispenseWeight(long int, int)':
../Core/Src/prj_disp.cpp:161:2: warning: no return statement in function returning non-void [-Wreturn-type]
  161 |  }
      |  ^
arm-none-eabi-g++ -o "Test.elf" @"objects.list"   -mcpu=cortex-m0 -T"C:\Users\Dr. S Chakraborty\OneDrive\Desktop\STM32_Dispenser\Test\STM32F030C8TX_FLASH.ld" --specs=nosys.specs -Wl,-Map="Test.map" -Wl,--gc-sections -static --specs=nano.specs -mfloat-abi=soft -mthumb -Wl,--start-group -lc -lm -lstdc++ -lsupc++ -Wl,--end-group
Finished building target: Test.elf
 
arm-none-eabi-size  Test.elf 
arm-none-eabi-objdump -h -S Test.elf  > "Test.list"
   text	   data	    bss	    dec	    hex	filename
  26084	     92	   2508	  28684	   700c	Test.elf
Finished building: default.size.stdout
 
Finished building: Test.list
 
14:27:47 **** Incremental Build of configuration Debug for project Test ****
make -j8 all 
arm-none-eabi-g++ "../Core/Src/prj_disp.cpp" -mcpu=cortex-m0 -std=gnu++14 -g3 -DDEBUG -DUSE_HAL_DRIVER -DSTM32F030x8 -c -I../Core/Inc -I"C:/Users/Dr. S Chakraborty/OneDrive/Desktop/STM32_Dispenser/Test/lib" -I../Drivers/STM32F0xx_HAL_Driver/Inc -I../Drivers/STM32F0xx_HAL_Driver/Inc/Legacy -I../Drivers/CMSIS/Device/ST/STM32F0xx/Include -I../Drivers/CMSIS/Include -O0 -ffunction-sections -fdata-sections -fno-exceptions -fno-rtti -fno-use-cxa-atexit -Wall -fstack-usage -fcyclomatic-complexity -MMD -MP -MF"Core/Src/prj_disp.d" -MT"Core/Src/prj_disp.o" --specs=nano.specs -mfloat-abi=soft -mthumb -o "Core/Src/prj_disp.o"
../Core/Src/prj_disp.cpp: In function 'void process_Real_Hardware()':
../Core/Src/prj_disp.cpp:71:14: warning: unused variable 'value' [-Wunused-variable]
   71 |         long value;
      |              ^~~~~
../Core/Src/prj_disp.cpp: In function 'char DispenseWeight(long int, int)':
../Core/Src/prj_disp.cpp:162:2: warning: no return statement in function returning non-void [-Wreturn-type]
  162 |  }
      |  ^
arm-none-eabi-g++ -o "Test.elf" @"objects.list"   -mcpu=cortex-m0 -T"C:\Users\Dr. S Chakraborty\OneDrive\Desktop\STM32_Dispenser\Test\STM32F030C8TX_FLASH.ld" --specs=nosys.specs -Wl,-Map="Test.map" -Wl,--gc-sections -static --specs=nano.specs -mfloat-abi=soft -mthumb -Wl,--start-group -lc -lm -lstdc++ -lsupc++ -Wl,--end-group
Finished building target: Test.elf
 
arm-none-eabi-size  Test.elf 
arm-none-eabi-objdump -h -S Test.elf  > "Test.list"
   text	   data	    bss	    dec	    hex	filename
  26124	     92	   2508	  28724	   7034	Test.elf
Finished building: default.size.stdout
 
Finished building: Test.list
 
14:31:36 **** Incremental Build of configuration Debug for project Test ****
make -j8 all 
arm-none-eabi-g++ "../Core/Src/prj_disp.cpp" -mcpu=cortex-m0 -std=gnu++14 -g3 -DDEBUG -DUSE_HAL_DRIVER -DSTM32F030x8 -c -I../Core/Inc -I"C:/Users/Dr. S Chakraborty/OneDrive/Desktop/STM32_Dispenser/Test/lib" -I../Drivers/STM32F0xx_HAL_Driver/Inc -I../Drivers/STM32F0xx_HAL_Driver/Inc/Legacy -I../Drivers/CMSIS/Device/ST/STM32F0xx/Include -I../Drivers/CMSIS/Include -O0 -ffunction-sections -fdata-sections -fno-exceptions -fno-rtti -fno-use-cxa-atexit -Wall -fstack-usage -fcyclomatic-complexity -MMD -MP -MF"Core/Src/prj_disp.d" -MT"Core/Src/prj_disp.o" --specs=nano.specs -mfloat-abi=soft -mthumb -o "Core/Src/prj_disp.o"
../Core/Src/prj_disp.cpp: In function 'void process_Real_Hardware()':
../Core/Src/prj_disp.cpp:93:41: error: 'delay' was not declared in this scope; did you mean 'Delay'?
   93 |                                         delay(100);
      |                                         ^~~~~
      |                                         Delay
../Core/Src/prj_disp.cpp:71:14: warning: unused variable 'value' [-Wunused-variable]
   71 |         long value;
      |              ^~~~~
../Core/Src/prj_disp.cpp: In function 'char DispenseWeight(long int, int)':
../Core/Src/prj_disp.cpp:157:25: error: return-statement with no value, in function returning 'char' [-fpermissive]
  157 |                         return;
      |                         ^~~~~~
../Core/Src/prj_disp.cpp:170:2: warning: control reaches end of non-void function [-Wreturn-type]
  170 |  }
      |  ^
make: *** [Core/Src/subdir.mk:44: Core/Src/prj_disp.o] Error 1
"make -j8 all" terminated with exit code 2. Build might be incomplete.
14:34:09 **** Incremental Build of configuration Debug for project Test ****
make -j8 all 
arm-none-eabi-g++ "../Core/Src/prj_disp.cpp" -mcpu=cortex-m0 -std=gnu++14 -g3 -DDEBUG -DUSE_HAL_DRIVER -DSTM32F030x8 -c -I../Core/Inc -I"C:/Users/Dr. S Chakraborty/OneDrive/Desktop/STM32_Dispenser/Test/lib" -I../Drivers/STM32F0xx_HAL_Driver/Inc -I../Drivers/STM32F0xx_HAL_Driver/Inc/Legacy -I../Drivers/CMSIS/Device/ST/STM32F0xx/Include -I../Drivers/CMSIS/Include -O0 -ffunction-sections -fdata-sections -fno-exceptions -fno-rtti -fno-use-cxa-atexit -Wall -fstack-usage -fcyclomatic-complexity -MMD -MP -MF"Core/Src/prj_disp.d" -MT"Core/Src/prj_disp.o" --specs=nano.specs -mfloat-abi=soft -mthumb -o "Core/Src/prj_disp.o"
../Core/Src/prj_disp.cpp: In function 'void process_Real_Hardware()':
../Core/Src/prj_disp.cpp:93:41: error: 'delay' has not been declared
   93 |                                         delay::ms(100);
      |                                         ^~~~~
../Core/Src/prj_disp.cpp:71:14: warning: unused variable 'value' [-Wunused-variable]
   71 |         long value;
      |              ^~~~~
../Core/Src/prj_disp.cpp: In function 'char DispenseWeight(long int, int)':
../Core/Src/prj_disp.cpp:157:25: error: return-statement with no value, in function returning 'char' [-fpermissive]
  157 |                         return;
      |                         ^~~~~~
../Core/Src/prj_disp.cpp:170:2: warning: control reaches end of non-void function [-Wreturn-type]
  170 |  }
      |  ^
make: *** [Core/Src/subdir.mk:44: Core/Src/prj_disp.o] Error 1
"make -j8 all" terminated with exit code 2. Build might be incomplete.
14:35:06 **** Incremental Build of configuration Debug for project Test ****
make -j8 all 
arm-none-eabi-g++ "../Core/Src/prj_disp.cpp" -mcpu=cortex-m0 -std=gnu++14 -g3 -DDEBUG -DUSE_HAL_DRIVER -DSTM32F030x8 -c -I../Core/Inc -I"C:/Users/Dr. S Chakraborty/OneDrive/Desktop/STM32_Dispenser/Test/lib" -I../Drivers/STM32F0xx_HAL_Driver/Inc -I../Drivers/STM32F0xx_HAL_Driver/Inc/Legacy -I../Drivers/CMSIS/Device/ST/STM32F0xx/Include -I../Drivers/CMSIS/Include -O0 -ffunction-sections -fdata-sections -fno-exceptions -fno-rtti -fno-use-cxa-atexit -Wall -fstack-usage -fcyclomatic-complexity -MMD -MP -MF"Core/Src/prj_disp.d" -MT"Core/Src/prj_disp.o" --specs=nano.specs -mfloat-abi=soft -mthumb -o "Core/Src/prj_disp.o"
../Core/Src/prj_disp.cpp: In function 'void process_Real_Hardware()':
../Core/Src/prj_disp.cpp:71:14: warning: unused variable 'value' [-Wunused-variable]
   71 |         long value;
      |              ^~~~~
../Core/Src/prj_disp.cpp: In function 'char DispenseWeight(long int, int)':
../Core/Src/prj_disp.cpp:157:25: error: return-statement with no value, in function returning 'char' [-fpermissive]
  157 |                         return;
      |                         ^~~~~~
../Core/Src/prj_disp.cpp:170:2: warning: control reaches end of non-void function [-Wreturn-type]
  170 |  }
      |  ^
make: *** [Core/Src/subdir.mk:44: Core/Src/prj_disp.o] Error 1
"make -j8 all" terminated with exit code 2. Build might be incomplete.
14:38:35 **** Incremental Build of configuration Debug for project Test ****
make -j8 all 
arm-none-eabi-g++ "../Core/Src/prj_disp.cpp" -mcpu=cortex-m0 -std=gnu++14 -g3 -DDEBUG -DUSE_HAL_DRIVER -DSTM32F030x8 -c -I../Core/Inc -I"C:/Users/Dr. S Chakraborty/OneDrive/Desktop/STM32_Dispenser/Test/lib" -I../Drivers/STM32F0xx_HAL_Driver/Inc -I../Drivers/STM32F0xx_HAL_Driver/Inc/Legacy -I../Drivers/CMSIS/Device/ST/STM32F0xx/Include -I../Drivers/CMSIS/Include -O0 -ffunction-sections -fdata-sections -fno-exceptions -fno-rtti -fno-use-cxa-atexit -Wall -fstack-usage -fcyclomatic-complexity -MMD -MP -MF"Core/Src/prj_disp.d" -MT"Core/Src/prj_disp.o" --specs=nano.specs -mfloat-abi=soft -mthumb -o "Core/Src/prj_disp.o"
../Core/Src/prj_disp.cpp: In function 'void process_Real_Hardware()':
../Core/Src/prj_disp.cpp:71:14: warning: unused variable 'value' [-Wunused-variable]
   71 |         long value;
      |              ^~~~~
../Core/Src/prj_disp.cpp: In function 'char DispenseWeight(long int, int)':
../Core/Src/prj_disp.cpp:157:25: error: return-statement with no value, in function returning 'char' [-fpermissive]
  157 |                         return;
      |                         ^~~~~~
../Core/Src/prj_disp.cpp:170:2: warning: control reaches end of non-void function [-Wreturn-type]
  170 |  }
      |  ^
make: *** [Core/Src/subdir.mk:44: Core/Src/prj_disp.o] Error 1
"make -j8 all" terminated with exit code 2. Build might be incomplete.
14:39:35 **** Incremental Build of configuration Debug for project Test ****
make -j8 all 
arm-none-eabi-g++ "../Core/Src/prj_disp.cpp" -mcpu=cortex-m0 -std=gnu++14 -g3 -DDEBUG -DUSE_HAL_DRIVER -DSTM32F030x8 -c -I../Core/Inc -I"C:/Users/Dr. S Chakraborty/OneDrive/Desktop/STM32_Dispenser/Test/lib" -I../Drivers/STM32F0xx_HAL_Driver/Inc -I../Drivers/STM32F0xx_HAL_Driver/Inc/Legacy -I../Drivers/CMSIS/Device/ST/STM32F0xx/Include -I../Drivers/CMSIS/Include -O0 -ffunction-sections -fdata-sections -fno-exceptions -fno-rtti -fno-use-cxa-atexit -Wall -fstack-usage -fcyclomatic-complexity -MMD -MP -MF"Core/Src/prj_disp.d" -MT"Core/Src/prj_disp.o" --specs=nano.specs -mfloat-abi=soft -mthumb -o "Core/Src/prj_disp.o"
../Core/Src/prj_disp.cpp: In function 'void process_Real_Hardware()':
../Core/Src/prj_disp.cpp:71:14: warning: unused variable 'value' [-Wunused-variable]
   71 |         long value;
      |              ^~~~~
../Core/Src/prj_disp.cpp: In function 'char DispenseWeight(long int, int)':
../Core/Src/prj_disp.cpp:170:2: warning: control reaches end of non-void function [-Wreturn-type]
  170 |  }
      |  ^
arm-none-eabi-g++ -o "Test.elf" @"objects.list"   -mcpu=cortex-m0 -T"C:\Users\Dr. S Chakraborty\OneDrive\Desktop\STM32_Dispenser\Test\STM32F030C8TX_FLASH.ld" --specs=nosys.specs -Wl,-Map="Test.map" -Wl,--gc-sections -static --specs=nano.specs -mfloat-abi=soft -mthumb -Wl,--start-group -lc -lm -lstdc++ -lsupc++ -Wl,--end-group
Finished building target: Test.elf
 
arm-none-eabi-size  Test.elf 
arm-none-eabi-objdump -h -S Test.elf  > "Test.list"
   text	   data	    bss	    dec	    hex	filename
  26236	     92	   2508	  28836	   70a4	Test.elf
Finished building: default.size.stdout
 
Finished building: Test.list
 
14:39:43 **** Incremental Build of configuration Debug for project Test ****
make -j8 all 
arm-none-eabi-size  Test.elf 
   text	   data	    bss	    dec	    hex	filename
  26236	     92	   2508	  28836	   70a4	Test.elf
Finished building: default.size.stdout
 
14:42:08 **** Incremental Build of configuration Debug for project Test ****
make -j8 all 
arm-none-eabi-g++ "../Core/Src/prj_disp.cpp" -mcpu=cortex-m0 -std=gnu++14 -g3 -DDEBUG -DUSE_HAL_DRIVER -DSTM32F030x8 -c -I../Core/Inc -I"C:/Users/Dr. S Chakraborty/OneDrive/Desktop/STM32_Dispenser/Test/lib" -I../Drivers/STM32F0xx_HAL_Driver/Inc -I../Drivers/STM32F0xx_HAL_Driver/Inc/Legacy -I../Drivers/CMSIS/Device/ST/STM32F0xx/Include -I../Drivers/CMSIS/Include -O0 -ffunction-sections -fdata-sections -fno-exceptions -fno-rtti -fno-use-cxa-atexit -Wall -fstack-usage -fcyclomatic-complexity -MMD -MP -MF"Core/Src/prj_disp.d" -MT"Core/Src/prj_disp.o" --specs=nano.specs -mfloat-abi=soft -mthumb -o "Core/Src/prj_disp.o"
../Core/Src/prj_disp.cpp: In function 'void process_Real_Hardware()':
../Core/Src/prj_disp.cpp:82:38: error: 'pkt' was not declared in this scope
   82 |                         printPacket(&pkt,debug);
      |                                      ^~~
../Core/Src/prj_disp.cpp:71:14: warning: unused variable 'value' [-Wunused-variable]
   71 |         long value;
      |              ^~~~~
../Core/Src/prj_disp.cpp: In function 'char DispenseWeight(long int, int)':
../Core/Src/prj_disp.cpp:171:2: warning: control reaches end of non-void function [-Wreturn-type]
  171 |  }
      |  ^
make: *** [Core/Src/subdir.mk:44: Core/Src/prj_disp.o] Error 1
"make -j8 all" terminated with exit code 2. Build might be incomplete.
14:42:39 **** Incremental Build of configuration Debug for project Test ****
make -j8 all 
arm-none-eabi-g++ "../Core/Src/prj_disp.cpp" -mcpu=cortex-m0 -std=gnu++14 -g3 -DDEBUG -DUSE_HAL_DRIVER -DSTM32F030x8 -c -I../Core/Inc -I"C:/Users/Dr. S Chakraborty/OneDrive/Desktop/STM32_Dispenser/Test/lib" -I../Drivers/STM32F0xx_HAL_Driver/Inc -I../Drivers/STM32F0xx_HAL_Driver/Inc/Legacy -I../Drivers/CMSIS/Device/ST/STM32F0xx/Include -I../Drivers/CMSIS/Include -O0 -ffunction-sections -fdata-sections -fno-exceptions -fno-rtti -fno-use-cxa-atexit -Wall -fstack-usage -fcyclomatic-complexity -MMD -MP -MF"Core/Src/prj_disp.d" -MT"Core/Src/prj_disp.o" --specs=nano.specs -mfloat-abi=soft -mthumb -o "Core/Src/prj_disp.o"
../Core/Src/prj_disp.cpp: In function 'void process_Real_Hardware()':
../Core/Src/prj_disp.cpp:71:14: warning: unused variable 'value' [-Wunused-variable]
   71 |         long value;
      |              ^~~~~
../Core/Src/prj_disp.cpp: In function 'char DispenseWeight(long int, int)':
../Core/Src/prj_disp.cpp:172:2: warning: control reaches end of non-void function [-Wreturn-type]
  172 |  }
      |  ^
arm-none-eabi-g++ -o "Test.elf" @"objects.list"   -mcpu=cortex-m0 -T"C:\Users\Dr. S Chakraborty\OneDrive\Desktop\STM32_Dispenser\Test\STM32F030C8TX_FLASH.ld" --specs=nosys.specs -Wl,-Map="Test.map" -Wl,--gc-sections -static --specs=nano.specs -mfloat-abi=soft -mthumb -Wl,--start-group -lc -lm -lstdc++ -lsupc++ -Wl,--end-group
Finished building target: Test.elf
 
arm-none-eabi-size  Test.elf 
arm-none-eabi-objdump -h -S Test.elf  > "Test.list"
   text	   data	    bss	    dec	    hex	filename
  26236	     92	   2508	  28836	   70a4	Test.elf
Finished building: default.size.stdout
 
Finished building: Test.list
 
14:44:46 **** Incremental Build of configuration Debug for project Test ****
make -j8 all 
arm-none-eabi-g++ "../Core/Src/prj_disp.cpp" -mcpu=cortex-m0 -std=gnu++14 -g3 -DDEBUG -DUSE_HAL_DRIVER -DSTM32F030x8 -c -I../Core/Inc -I"C:/Users/Dr. S Chakraborty/OneDrive/Desktop/STM32_Dispenser/Test/lib" -I../Drivers/STM32F0xx_HAL_Driver/Inc -I../Drivers/STM32F0xx_HAL_Driver/Inc/Legacy -I../Drivers/CMSIS/Device/ST/STM32F0xx/Include -I../Drivers/CMSIS/Include -O0 -ffunction-sections -fdata-sections -fno-exceptions -fno-rtti -fno-use-cxa-atexit -Wall -fstack-usage -fcyclomatic-complexity -MMD -MP -MF"Core/Src/prj_disp.d" -MT"Core/Src/prj_disp.o" --specs=nano.specs -mfloat-abi=soft -mthumb -o "Core/Src/prj_disp.o"
../Core/Src/prj_disp.cpp: In function 'void process_Real_Hardware()':
../Core/Src/prj_disp.cpp:71:14: warning: unused variable 'value' [-Wunused-variable]
   71 |         long value;
      |              ^~~~~
../Core/Src/prj_disp.cpp: In function 'char DispenseWeight(long int, int)':
../Core/Src/prj_disp.cpp:169:25: error: return-statement with no value, in function returning 'char' [-fpermissive]
  169 |                         return;
      |                         ^~~~~~
make: *** [Core/Src/subdir.mk:44: Core/Src/prj_disp.o] Error 1
"make -j8 all" terminated with exit code 2. Build might be incomplete.
14:45:27 **** Incremental Build of configuration Debug for project Test ****
make -j8 all 
arm-none-eabi-g++ "../Core/Src/prj_disp.cpp" -mcpu=cortex-m0 -std=gnu++14 -g3 -DDEBUG -DUSE_HAL_DRIVER -DSTM32F030x8 -c -I../Core/Inc -I"C:/Users/Dr. S Chakraborty/OneDrive/Desktop/STM32_Dispenser/Test/lib" -I../Drivers/STM32F0xx_HAL_Driver/Inc -I../Drivers/STM32F0xx_HAL_Driver/Inc/Legacy -I../Drivers/CMSIS/Device/ST/STM32F0xx/Include -I../Drivers/CMSIS/Include -O0 -ffunction-sections -fdata-sections -fno-exceptions -fno-rtti -fno-use-cxa-atexit -Wall -fstack-usage -fcyclomatic-complexity -MMD -MP -MF"Core/Src/prj_disp.d" -MT"Core/Src/prj_disp.o" --specs=nano.specs -mfloat-abi=soft -mthumb -o "Core/Src/prj_disp.o"
../Core/Src/prj_disp.cpp: In function 'void process_Real_Hardware()':
../Core/Src/prj_disp.cpp:71:14: warning: unused variable 'value' [-Wunused-variable]
   71 |         long value;
      |              ^~~~~
arm-none-eabi-g++ -o "Test.elf" @"objects.list"   -mcpu=cortex-m0 -T"C:\Users\Dr. S Chakraborty\OneDrive\Desktop\STM32_Dispenser\Test\STM32F030C8TX_FLASH.ld" --specs=nosys.specs -Wl,-Map="Test.map" -Wl,--gc-sections -static --specs=nano.specs -mfloat-abi=soft -mthumb -Wl,--start-group -lc -lm -lstdc++ -lsupc++ -Wl,--end-group
Finished building target: Test.elf
 
arm-none-eabi-size  Test.elf 
arm-none-eabi-objdump -h -S Test.elf  > "Test.list"
   text	   data	    bss	    dec	    hex	filename
  26236	     92	   2508	  28836	   70a4	Test.elf
Finished building: default.size.stdout
 
Finished building: Test.list
 
